Component: ARM Compiler 5.06 update 7 (build 960) Tool: armlink [4d3601]

==============================================================================

Section Cross References

    main.o(.text) refers to _printf_percent.o(.ARM.Collect$$_printf_percent$$00000000) for _printf_percent
    main.o(.text) refers to _printf_d.o(.ARM.Collect$$_printf_percent$$00000009) for _printf_d
    main.o(.text) refers to _printf_dec.o(.text) for _printf_int_dec
    main.o(.text) refers to as608.o(.text) for PS_GetImage
    main.o(.text) refers to __2printf.o(.text) for __2printf
    main.o(.text) refers to lcd.o(.text) for LCD_ShowChinese
    main.o(.text) refers to delay.o(.text) for delay_ms
    main.o(.text) refers to misc.o(.text) for NVIC_PriorityGroupConfig
    main.o(.text) refers to lcd_init.o(.text) for LCD_Init
    main.o(.text) refers to usart.o(.text) for uart_init
    main.o(.text) refers to usart2.o(.text) for usart2_init
    main.o(.text) refers to beep.o(.text) for BEEP_Init
    main.o(.text) refers to key.o(.text) for KEY_Init
    main.o(.text) refers to led.o(.text) for LED_Init
    main.o(.text) refers to as608.o(.data) for AS608Addr
    main.o(.text) refers to main.o(.data) for ValidN
    system_stm32f10x.o(.text) refers to system_stm32f10x.o(.data) for SystemCoreClock
    key.o(.text) refers to stm32f10x_rcc.o(.text) for RCC_APB2PeriphClockCmd
    key.o(.text) refers to stm32f10x_gpio.o(.text) for GPIO_Init
    key.o(.text) refers to delay.o(.text) for delay_ms
    key.o(.text) refers to key.o(.data) for key_up
    beep.o(.text) refers to stm32f10x_rcc.o(.text) for RCC_APB2PeriphClockCmd
    beep.o(.text) refers to stm32f10x_gpio.o(.text) for GPIO_Init
    usart2.o(.text) refers to stm32f10x_usart.o(.text) for USART_GetITStatus
    usart2.o(.text) refers to stm32f10x_tim.o(.text) for TIM_SetCounter
    usart2.o(.text) refers to stm32f10x_rcc.o(.text) for RCC_APB2PeriphClockCmd
    usart2.o(.text) refers to stm32f10x_gpio.o(.text) for GPIO_Init
    usart2.o(.text) refers to misc.o(.text) for NVIC_Init
    usart2.o(.text) refers to timer.o(.text) for TIM7_Int_Init
    usart2.o(.text) refers to c89vsprintf.o(.text) for __c89vsprintf
    usart2.o(.text) refers to strlen.o(.text) for strlen
    usart2.o(.text) refers to usart2.o(.data) for USART2_RX_STA
    usart2.o(.text) refers to usart2.o(.bss) for USART2_RX_BUF
    as608.o(.text) refers to _printf_percent.o(.ARM.Collect$$_printf_percent$$00000000) for _printf_percent
    as608.o(.text) refers to _printf_s.o(.ARM.Collect$$_printf_percent$$00000014) for _printf_s
    as608.o(.text) refers to _printf_str.o(.text) for _printf_str
    as608.o(.text) refers to _printf_d.o(.ARM.Collect$$_printf_percent$$00000009) for _printf_d
    as608.o(.text) refers to _printf_dec.o(.text) for _printf_int_dec
    as608.o(.text) refers to _printf_x.o(.ARM.Collect$$_printf_percent$$0000000C) for _printf_x
    as608.o(.text) refers to _printf_hex_int_ll_ptr.o(.text) for _printf_longlong_hex
    as608.o(.text) refers to stm32f10x_rcc.o(.text) for RCC_APB2PeriphClockCmd
    as608.o(.text) refers to stm32f10x_gpio.o(.text) for GPIO_Init
    as608.o(.text) refers to delay.o(.text) for delay_ms
    as608.o(.text) refers to strstr.o(.text) for strstr
    as608.o(.text) refers to as608.o(.data) for AS608Addr
    as608.o(.text) refers to usart2.o(.data) for USART2_RX_STA
    as608.o(.text) refers to usart2.o(.bss) for USART2_RX_BUF
    as608.o(.text) refers to __2printf.o(.text) for __2printf
    timer.o(.text) refers to stm32f10x_tim.o(.text) for TIM_GetITStatus
    timer.o(.text) refers to stm32f10x_rcc.o(.text) for RCC_APB1PeriphClockCmd
    timer.o(.text) refers to misc.o(.text) for NVIC_Init
    timer.o(.text) refers to usart2.o(.data) for USART2_RX_STA
    led.o(.text) refers to stm32f10x_rcc.o(.text) for RCC_APB2PeriphClockCmd
    led.o(.text) refers to stm32f10x_gpio.o(.text) for GPIO_Init
    lcd.o(.text) refers to lcd_init.o(.text) for LCD_Address_Set
    lcd.o(.text) refers to lcd.o(.constdata) for tfont32
    lcd.o(.text) refers to fmul.o(x$fpl$fmul) for __aeabi_fmul
    lcd.o(.text) refers to ffixu.o(x$fpl$ffixu) for __aeabi_f2uiz
    lcd_init.o(.text) refers to stm32f10x_rcc.o(.text) for RCC_APB2PeriphClockCmd
    lcd_init.o(.text) refers to stm32f10x_gpio.o(.text) for GPIO_Init
    lcd_init.o(.text) refers to delay.o(.text) for delay_ms
    delay.o(.text) refers to misc.o(.text) for SysTick_CLKSourceConfig
    delay.o(.text) refers to system_stm32f10x.o(.data) for SystemCoreClock
    delay.o(.text) refers to delay.o(.data) for fac_us
    usart.o(.text) refers (Special) to use_no_semi_2.o(.text) for __use_no_semihosting
    usart.o(.text) refers to stm32f10x_rcc.o(.text) for RCC_APB2PeriphClockCmd
    usart.o(.text) refers to stm32f10x_gpio.o(.text) for GPIO_Init
    usart.o(.text) refers to misc.o(.text) for NVIC_Init
    usart.o(.text) refers to stm32f10x_usart.o(.text) for USART_Init
    usart.o(.text) refers to usart.o(.data) for USART_RX_STA
[...]
    .text                                    0x080010bc   Section        0  as608.o(.text)
    MYUSART_SendData                         0x080010fd   Thumb Code    22  as608.o(.text)
    SendHead                                 0x08001113   Thumb Code    16  as608.o(.text)
    SendAddr                                 0x08001123   Thumb Code    46  as608.o(.text)
    SendFlag                                 0x08001151   Thumb Code    12  as608.o(.text)
    SendLength                               0x0800115d   Thumb Code    20  as608.o(.text)
    Sendcmd                                  0x08001171   Thumb Code    12  as608.o(.text)
    SendCheck                                0x0800117d   Thumb Code    18  as608.o(.text)
    JudgeStr                                 0x0800118f   Thumb Code   122  as608.o(.text)
    .text                                    0x08001b90   Section        0  timer.o(.text)
    .text                                    0x08001c1c   Section        0  led.o(.text)
    .text                                    0x08001c64   Section        0  lcd.o(.text)
    .text                                    0x080024d4   Section        0  lcd_init.o(.text)
    .text                                    0x08002830   Section        0  delay.o(.text)
    .text                                    0x08002904   Section        0  usart.o(.text)
    .text                                    0x08002a44   Section       64  startup_stm32f10x_hd.o(.text)
    .text                                    0x08002a84   Section        0  misc.o(.text)
    .text                                    0x08002b60   Section        0  stm32f10x_gpio.o(.text)
    .text                                    0x08002ebc   Section        0  stm32f10x_rcc.o(.text)
    .text                                    0x08003260   Section        0  stm32f10x_usart.o(.text)
    .text                                    0x08003668   Section        0  stm32f10x_tim.o(.text)
    TI4_Config                               0x08003b0f   Thumb Code   130  stm32f10x_tim.o(.text)
    TI3_Config                               0x08003ba3   Thumb Code   122  stm32f10x_tim.o(.text)
    TI2_Config                               0x08003c37   Thumb Code   130  stm32f10x_tim.o(.text)
    TI1_Config                               0x08003ccb   Thumb Code   108  stm32f10x_tim.o(.text)
    .text                                    0x08004482   Section        2  use_no_semi_2.o(.text)
    .text                                    0x08004484   Section        0  c89vsprintf.o(.text)
    .text                                    0x080044a8   Section        0  __2printf.o(.text)
    .text                                    0x080044c0   Section        0  _printf_str.o(.text)
    .text                                    0x08004514   Section        0  _printf_dec.o(.text)
    .text                                    0x0800458c   Section        0  _printf_hex_int_ll_ptr.o(.text)
    _printf_hex_common                       0x0800458d   Thumb Code     0  _printf_hex_int_ll_ptr.o(.text)
    .text                                    0x08004620   Section        0  __printf_flags_ss_wp.o(.text)
    .text                                    0x080047a8   Section        0  strstr.o(.text)
    .text                                    0x080047cc   Section        0  strlen.o(.text)
    .text                                    0x0800480a   Section        0  heapauxi.o(.text)
    .text                                    0x08004810   Section        2  use_no_semi.o(.text)
    .text                                    0x08004812   Section        0  _printf_pad.o(.text)
    .text                                    0x08004860   Section        0  _printf_truncate.o(.text)
    .text                                    0x08004884   Section        0  _printf_intcommon.o(.text)
    .text                                    0x08004936   Section        0  _printf_charcount.o(.text)
    .text                                    0x08004960   Section        0  _printf_char_common.o(.text)
    _printf_input_char                       0x08004961   Thumb Code    10  _printf_char_common.o(.text)
    .text                                    0x08004990   Section        0  _sputc.o(.text)
    .text                                    0x0800499a   Section        0  _printf_char.o(.text)
    .text                                    0x080049c8   Section        0  _printf_char_file.o(.text)
    .text                                    0x080049ec   Section        0  _printf_wctomb.o(.text)
    .text                                    0x08004aa8   Section        0  _printf_longlong_dec.o(.text)
    .text                                    0x08004b24   Section        0  _printf_oct_int_ll.o(.text)
    _printf_longlong_oct_internal            0x08004b25   Thumb Code     0  _printf_oct_int_ll.o(.text)
    .text                                    0x08004b94   Section      138  lludiv10.o(.text)
    .text                                    0x08004c1e   Section        0  _printf_fp_dec.o(.text)
    _fp_digits                               0x08004c21   Thumb Code   432  _printf_fp_dec.o(.text)
    .text                                    0x0800503c   Section        0  _printf_wchar.o(.text)
    .text                                    0x08005068   Section        0  ferror.o(.text)
    .text                                    0x08005070   Section        0  _wcrtomb.o(.text)
    .text                                    0x080050b0   Section       74  sys_stackheap_outer.o(.text)
    .text                                    0x080050fc   Section       16  rt_ctype_table.o(.text)
    .text                                    0x0800510c   Section        8  rt_locale_intlibspace.o(.text)
    .text                                    0x08005114   Section        0  _printf_fp_infnan.o(.text)
    .text                                    0x08005194   Section        0  bigflt0.o(.text)
    .text                                    0x08005278   Section        0  exit.o(.text)
    .text                                    0x0800528c   Section        8  libspace.o(.text)
    .text                                    0x08005294   Section      128  strcmpv7m.o(.text)
    CL$$btod_d2e                             0x08005314   Section       62  btod.o(CL$$btod_d2e)
    CL$$btod_d2e_denorm_low                  0x08005352   Section       70  btod.o(CL$$btod_d2e_denorm_low)
    CL$$btod_d2e_norm_op1                    0x08005398   Section       96  btod.o(CL$$btod_d2e_norm_op1)
    CL$$btod_div_common                      0x080053f8   Section      824  btod.o(CL$$btod_div_common)
    CL$$btod_e2e                             0x08005730   Section      220  btod.o(CL$$btod_e2e)
    CL$$btod_ediv                            0x0800580c   Section       42  btod.o(CL$$btod_ediv)
    CL$$btod_emul                            0x08005836   Section       42  btod.o(CL$$btod_emul)
    CL$$btod_mult_common                     0x08005860   Section      580  btod.o(CL$$btod_mult_common)
    i.__ARM_fpclassify                       0x08005aa4   Section        0  fpclassify.o(i.__ARM_fpclassify)
    i._is_digit                              0x08005acc   Section        0  __printf_wp.o(i._is_digit)
    locale$$code                             0x08005adc   Section       44  lc_numeric_c.o(locale$$code)
    locale$$code                             0x08005b08   Section       44  lc_ctype_c.o(locale$$code)
    x$fpl$ffixu                              0x08005b34   Section       62  ffixu.o(x$fpl$ffixu)
    x$fpl$fmul                               0x08005b74   Section      258  fmul.o(x$fpl$fmul)
    x$fpl$fnaninf                            0x08005c76   Section      140  fnaninf.o(x$fpl$fnaninf)
    x$fpl$fretinf                            0x08005d02   Section       10  fretinf.o(x$fpl$fretinf)
    x$fpl$printf1                            0x08005d0c   Section        4  printf1.o(x$fpl$printf1)
    .constdata                               0x08005d10   Section     9912  lcd.o(.constdata)
    x$fpl$usenofp                            0x08005d10   Section        0  usenofp.o(x$fpl$usenofp)
    .constdata                               0x080083c8   Section       40  _printf_hex_int_ll_ptr.o(.constdata)
    uc_hextab                                0x080083c8   Data          20  _printf_hex_int_ll_ptr.o(.constdata)
    lc_hextab                                0x080083dc   Data          20  _printf_hex_int_ll_ptr.o(.constdata)
    .constdata                               0x080083f0   Section       17  __printf_flags_ss_wp.o(.constdata)
    maptable                                 0x080083f0   Data          17  __printf_flags_ss_wp.o(.constdata)
    .constdata                               0x08008404   Section        8  _printf_wctomb.o(.constdata)
    initial_mbstate                          0x08008404   Data           8  _printf_wctomb.o(.constdata)
    .constdata                               0x0800840c   Section      148  bigflt0.o(.constdata)
    tenpwrs_x                                0x0800840c   Data          60  bigflt0.o(.constdata)
    tenpwrs_i                                0x08008448   Data          64  bigflt0.o(.constdata)
    locale$$data                             0x080084c0   Section       28  lc_numeric_c.o(locale$$data)
    __lcnum_c_name                           0x080084c4   Data           2  lc_numeric_c.o(locale$$data)
    __lcnum_c_start                          0x080084cc   Data           0  lc_numeric_c.o(locale$$data)
    __lcnum_c_point                          0x080084d8   Data           0  lc_numeric_c.o(locale$$data)
    __lcnum_c_thousands                      0x080084da   Data           0  lc_numeric_c.o(locale$$data)
    __lcnum_c_grouping                       0x080084db   Data           0  lc_numeric_c.o(locale$$data)
    locale$$data                             0x080084dc   Section      272  lc_ctype_c.o(locale$$data)
    __lcnum_c_end                            0x080084dc   Data           0  lc_numeric_c.o(locale$$data)
    __lcctype_c_name                         0x080084e0   Data           2  lc_ctype_c.o(locale$$data)
    __lcctype_c_start                        0x080084e8   Data           0  lc_ctype_c.o(locale$$data)
    __lcctype_c_end                          0x080085ec   Data           0  lc_ctype_c.o(locale$$data)
    .data                                    0x20000000   Section        2  main.o(.data)
    .data                                    0x20000004   Section       20  system_stm32f10x.o(.data)
    .data                                    0x20000018   Section        1  key.o(.data)
    key_up                                   0x20000018   Data           1  key.o(.data)
    .data                                    0x2000001a   Section        2  usart2.o(.data)
    .data                                    0x2000001c   Section        4  as608.o(.data)
    .data                                    0x20000020   Section        4  delay.o(.data)
    fac_us                                   0x20000020   Data           1  delay.o(.data)
    fac_ms                                   0x20000022   Data           2  delay.o(.data)
    .data                                    0x20000024   Section        6  usart.o(.data)
    .data                                    0x2000002a   Section       20  stm32f10x_rcc.o(.data)
    APBAHBPrescTable                         0x2000002a   Data          16  stm32f10x_rcc.o(.data)
    ADCPrescTable                            0x2000003a   Data           4  stm32f10x_rcc.o(.data)
    .bss                                     0x20000040   Section      800  usart2.o(.bss)
    .bss                                     0x20000360   Section      200  usart.o(.bss)
    .bss                                     0x20000428   Section       96  libspace.o(.bss)
    HEAP                                     0x20000488   Section      512  startup_stm32f10x_hd.o(HEAP)
    Heap_Mem                                 0x20000488   Data         512  startup_stm32f10x_hd.o(HEAP)
    STACK                                    0x20000688   Section     1024  startup_stm32f10x_hd.o(STACK)
    Stack_Mem                                0x20000688   Data        1024  startup_stm32f10x_hd.o(STACK)
    __initial_sp                             0x20000a88   Data           0  startup_stm32f10x_hd.o(STACK)

    Global Symbols

    Symbol Name                              Value     Ov Type        Size  Object(Section)

    BuildAttributes$$THM_ISAv4$P$D$K$B$S$PE$A:L22UL41UL21$X:L11$S22US41US21$IEEE1$IW$USESV6$~STKCKD$USESV7$~SHL$OTIME$ROPI$IEEEJ$EBA8$UX$STANDARDLIB$REQ8$PRES8$EABIv2 0x00000000   Number         0  anon$$obj.o ABSOLUTE
    __ARM_use_no_argv                        0x00000000   Number         0  main.o ABSOLUTE
    _printf_flags                            0x00000000   Number         0  printf_stubs.o ABSOLUTE
    _printf_return_value                     0x00000000   Number         0  printf_stubs.o ABSOLUTE
    _printf_sizespec                         0x00000000   Number         0  printf_stubs.o ABSOLUTE
    _printf_widthprec                        0x00000000   Number         0  printf_stubs.o ABSOLUTE
    __ARM_exceptions_init                     - Undefined Weak Reference
    __alloca_initialize                       - Undefined Weak Reference
    __arm_fini_                               - Undefined Weak Reference
    __arm_preinit_                            - Undefined Weak Reference
    __cpp_initialize__aeabi_                  - Undefined Weak Reference
    __cxa_finalize                            - Undefined Weak Reference
    __sigvec_lookup                           - Undefined Weak Reference
    _atexit_init                              - Undefined Weak Reference
    _call_atexit_fns                          - Undefined Weak Reference
    _clock_init                               - Undefined Weak Reference
    _fp_trap_init                             - Undefined Weak Reference
    _fp_trap_shutdown                         - Undefined Weak Reference
    _get_lc_collate                           - Undefined Weak Reference
    _get_lc_monetary                          - Undefined Weak Reference
    _get_lc_time                              - Undefined Weak Reference
    _getenv_init                              - Undefined Weak Reference
    _handle_redirection                       - Undefined Weak Reference
    _init_alloc                               - Undefined Weak Reference
    _init_user_alloc                          - Undefined Weak Reference
    _initio                                   - Undefined Weak Reference
    _mutex_acquire                            - Undefined Weak Reference
    _mutex_release                            - Undefined Weak Reference
    _printf_fp_hex                            - Undefined Weak Reference
    _printf_mbtowc                            - Undefined Weak Reference
    _printf_wc                                - Undefined Weak Reference
    _rand_init                                - Undefined Weak Reference
    _signal_finish                            - Undefined Weak Reference
    _signal_init                              - Undefined Weak Reference
    _terminate_alloc                          - Undefined Weak Reference
    _terminate_user_alloc                     - Undefined Weak Reference
    _terminateio                              - Undefined Weak Reference
    __Vectors_Size                           0x00000130   Number         0  startup_stm32f10x_hd.o ABSOLUTE
    __Vectors                                0x08000000   Data           4  startup_stm32f10x_hd.o(RESET)
    __Vectors_End                            0x08000130   Data           0  startup_stm32f10x_hd.o(RESET)
    __main                                   0x08000131   Thumb Code     8  __main.o(!!!main)
    __scatterload                            0x08000139   Thumb Code     0  __scatter.o(!!!scatter)
    __scatterload_rt2                        0x08000139   Thumb Code    44  __scatter.o(!!!scatter)
    __scatterload_rt2_thumb_only             0x08000139   Thumb Code     0  __scatter.o(!!!scatter)
    __scatterload_null                       0x08000147   Thumb Code     0  __scatter.o(!!!scatter)
    __scatterload_copy                       0x0800016d   Thumb Code    26  __scatter_copy.o(!!handler_copy)
    __scatterload_zeroinit                   0x08000189   Thumb Code    28  __scatter_zi.o(!!handler_zi)
    _printf_n                                0x080001a5   Thumb Code     0  _printf_n.o(.ARM.Collect$$_printf_percent$$00000001)
    _printf_percent                          0x080001a5   Thumb Code     0  _printf_percent.o(.ARM.Collect$$_printf_percent$$00000000)
    _printf_p                                0x080001ab   Thumb Code     0  _printf_p.o(.ARM.Collect$$_printf_percent$$00000002)
    _printf_f                                0x080001b1   Thumb Code     0  _printf_f.o(.ARM.Collect$$_printf_percent$$00000003)
    _printf_e                                0x080001b7   Thumb Code     0  _printf_e.o(.ARM.Collect$$_printf_percent$$00000004)
    _printf_g                                0x080001bd   Thumb Code     0  _printf_g.o(.ARM.Collect$$_printf_percent$$00000005)
    _printf_a                                0x080001c3   Thumb Code     0  _printf_a.o(.ARM.Collect$$_printf_percent$$00000006)
    _printf_ll                               0x080001c9   Thumb Code     0  _printf_ll.o(.ARM.Collect$$_printf_percent$$00000007)
    _printf_i                                0x080001d3   Thumb Code     0  _printf_i.o(.ARM.Collect$$_printf_percent$$00000008)
    _printf_d                                0x080001d9   Thumb Code     0  _printf_d.o(.ARM.Collect$$_printf_percent$$00000009)
    _printf_u                                0x080001df   Thumb Code     0  _printf_u.o(.ARM.Collect$$_printf_percent$$0000000A)
    _printf_o                                0x080001e5   Thumb Code     0  _printf_o.o(.ARM.Collect$$_printf_percent$$0000000B)
    _printf_x                                0x080001eb   Thumb Code     0  _printf_x.o(.ARM.Collect$$_printf_percent$$0000000C)
    _printf_lli                              0x080001f1   Thumb Code     0  _printf_lli.o(.ARM.Collect$$_printf_percent$$0000000D)
    _printf_lld                              0x080001f7   Thumb Code     0  _printf_lld.o(.ARM.Collect$$_printf_percent$$0000000E)
    _printf_llu                              0x080001fd   Thumb Code     0  _printf_llu.o(.ARM.Collect$$_printf_percent$$0000000F)
    _printf_llo                              0x08000203   Thumb Code     0  _printf_llo.o(.ARM.Collect$$_printf_percent$$00000010)
    _printf_llx                              0x08000209   Thumb Code     0  _printf_llx.o(.ARM.Collect$$_printf_percent$$00000011)
    _printf_l                                0x0800020f   Thumb Code     0  _printf_l.o(.ARM.Collect$$_printf_percent$$00000012)
    _printf_c                                0x08000219   Thumb Code     0  _printf_c.o(.ARM.Collect$$_printf_percent$$00000013)
    _printf_s                                0x0800021f   Thumb Code     0  _printf_s.o(.ARM.Collect$$_printf_percent$$00000014)
    _printf_lc                               0x08000225   Thumb Code     0  _printf_lc.o(.ARM.Collect$$_printf_percent$$00000015)
    _printf_ls                               0x0800022b   Thumb Code     0  _printf_ls.o(.ARM.Collect$$_printf_percent$$00000016)
    _printf_percent_end                      0x08000231   Thumb Code     0  _printf_percent_end.o(.ARM.Collect$$_printf_percent$$00000017)
    __rt_lib_init                            0x08000235   Thumb Code     0  libinit.o(.ARM.Collect$$libinit$$00000000)
    __rt_lib_init_fp_1                       0x08000237   Thumb Code     0  libinit2.o(.ARM.Collect$$libinit$$00000002)
    __rt_lib_init_heap_1                     0x08000237   Thumb Code     0  libinit2.o(.ARM.Collect$$libinit$$0000000A)
    __rt_lib_init_lc_common                  0x08000237   Thumb Code     0  libinit2.o(.ARM.Collect$$libinit$$0000000F)
    __rt_lib_init_preinit_1                  0x08000237   Thumb Code     0  libinit2.o(.ARM.Collect$$libinit$$00000004)
    __rt_lib_init_rand_1                     0x08000237   Thumb Code     0  libinit2.o(.ARM.Collect$$libinit$$0000000E)
    __rt_lib_init_user_alloc_1               0x08000237   Thumb Code     0  libinit2.o(.ARM.Collect$$libinit$$0000000C)
    __rt_lib_init_lc_collate_1               0x0800023d   Thumb Code     0  libinit2.o(.ARM.Collect$$libinit$$00000011)
    __rt_lib_init_lc_ctype_2                 0x0800023d   Thumb Code     0  libinit2.o(.ARM.Collect$$libinit$$00000012)
    __rt_lib_init_lc_ctype_1                 0x08000249   Thumb Code     0  libinit2.o(.ARM.Collect$$libinit$$00000013)
    __rt_lib_init_lc_monetary_1              0x08000249   Thumb Code     0  libinit2.o(.ARM.Collect$$libinit$$00000015)
    __rt_lib_init_lc_numeric_2               0x08000249   Thumb Code     0  libinit2.o(.ARM.Collect$$libinit$$00000016)
    __rt_lib_init_alloca_1                   0x08000253   Thumb Code     0  libinit2.o(.ARM.Collect$$libinit$$0000002E)
    __rt_lib_init_argv_1                     0x08000253   Thumb Code     0  libinit2.o(.ARM.Collect$$libinit$$0000002C)
    __rt_lib_init_atexit_1                   0x08000253   Thumb Code     0  libinit2.o(.ARM.Collect$$libinit$$0000001B)
    __rt_lib_init_clock_1                    0x08000253   Thumb Code     0  libinit2.o(.ARM.Collect$$libinit$$00000021)
    __rt_lib_init_cpp_1                      0x08000253   Thumb Code     0  libinit2.o(.ARM.Collect$$libinit$$00000032)
    __rt_lib_init_exceptions_1               0x08000253   Thumb Code     0  libinit2.o(.ARM.Collect$$libinit$$00000030)
    __rt_lib_init_fp_trap_1                  0x08000253   Thumb Code     0  libinit2.o(.ARM.Collect$$libinit$$0000001F)
    __rt_lib_init_getenv_1                   0x08000253   Thumb Code     0  libinit2.o(.ARM.Collect$$libinit$$00000023)
    __rt_lib_init_lc_numeric_1               0x08000253   Thumb Code     0  libinit2.o(.ARM.Collect$$libinit$$00000017)
    __rt_lib_init_lc_time_1                  0x08000253   Thumb Code     0  libinit2.o(.ARM.Collect$$libinit$$00000019)
    __rt_lib_init_return                     0x08000253   Thumb Code     0  libinit2.o(.ARM.Collect$$libinit$$00000033)
    __rt_lib_init_signal_1                   0x08000253   Thumb Code     0  libinit2.o(.ARM.Collect$$libinit$$0000001D)
    __rt_lib_init_stdio_1                    0x08000253   Thumb Code     0  libinit2.o(.ARM.Collect$$libinit$$00000025)
    __rt_lib_shutdown                        0x08000255   Thumb Code     0  libshutdown.o(.ARM.Collect$$libshutdown$$00000000)
    __rt_lib_shutdown_cpp_1                  0x08000257   Thumb Code     0  libshutdown2.o(.ARM.Collect$$libshutdown$$00000004)
    __rt_lib_shutdown_fini_1                 0x08000257   Thumb Code     0  libshutdown2.o(.ARM.Collect$$libshutdown$$00000002)
    __rt_lib_shutdown_fp_trap_1              0x08000257   Thumb Code     0  libshutdown2.o(.ARM.Collect$$libshutdown$$00000009)
    __rt_lib_shutdown_heap_1                 0x08000257   Thumb Code     0  libshutdown2.o(.ARM.Collect$$libshutdown$$00000011)
    __rt_lib_shutdown_return                 0x08000257   Thumb Code     0  libshutdown2.o(.ARM.Collect$$libshutdown$$00000012)
    __rt_lib_shutdown_signal_1               0x08000257   Thumb Code     0  libshutdown2.o(.ARM.Collect$$libshutdown$$0000000C)
    __rt_lib_shutdown_stdio_1                0x08000257   Thumb Code     0  libshutdown2.o(.ARM.Collect$$libshutdown$$00000006)
    __rt_lib_shutdown_user_alloc_1           0x08000257   Thumb Code     0  libshutdown2.o(.ARM.Collect$$libshutdown$$0000000E)
    __rt_entry                               0x08000259   Thumb Code     0  __rtentry.o(.ARM.Collect$$rtentry$$00000000)
    __rt_entry_presh_1                       0x08000259   Thumb Code     0  __rtentry2.o(.ARM.Collect$$rtentry$$00000002)
    __rt_entry_sh                            0x08000259   Thumb Code     0  __rtentry4.o(.ARM.Collect$$rtentry$$00000004)
    __rt_entry_li                            0x0800025f   Thumb Code     0  __rtentry2.o(.ARM.Collect$$rtentry$$0000000A)
    __rt_entry_postsh_1                      0x0800025f   Thumb Code     0  __rtentry2.o(.ARM.Collect$$rtentry$$00000009)
    __rt_entry_main                          0x08000263   Thumb Code     0  __rtentry2.o(.ARM.Collect$$rtentry$$0000000D)
    __rt_entry_postli_1                      0x08000263   Thumb Code     0  __rtentry2.o(.ARM.Collect$$rtentry$$0000000C)
    __rt_exit                                0x0800026b   Thumb Code     0  rtexit.o(.ARM.Collect$$rtexit$$00000000)
    __rt_exit_ls                             0x0800026d   Thumb Code     0  rtexit2.o(.ARM.Collect$$rtexit$$00000003)
    __rt_exit_prels_1                        0x0800026d   Thumb Code     0  rtexit2.o(.ARM.Collect$$rtexit$$00000002)
    __rt_exit_exit                           0x08000271   Thumb Code     0  rtexit2.o(.ARM.Collect$$rtexit$$00000004)
    press_FR                                 0x08000279   Thumb Code    68  main.o(.text)
    Del_FR                                   0x080002bd   Thumb Code    72  main.o(.text)
    Add_FR                                   0x08000305   Thumb Code   482  main.o(.text)
    main                                     0x080004e7   Thumb Code  1704  main.o(.text)
    NMI_Handler                              0x08000c15   Thumb Code     2  stm32f10x_it.o(.text)
    HardFault_Handler                        0x08000c17   Thumb Code     4  stm32f10x_it.o(.text)
    MemManage_Handler                        0x08000c1b   Thumb Code     4  stm32f10x_it.o(.text)
    BusFault_Handler                         0x08000c1f   Thumb Code     4  stm32f10x_it.o(.text)
    UsageFault_Handler                       0x08000c23   Thumb Code     4  stm32f10x_it.o(.text)
    SVC_Handler                              0x08000c27   Thumb Code     2  stm32f10x_it.o(.text)
    DebugMon_Handler                         0x08000c29   Thumb Code     2  stm32f10x_it.o(.text)
    PendSV_Handler                           0x08000c2b   Thumb Code     2  stm32f10x_it.o(.text)
    SysTick_Handler                          0x08000c2d   Thumb Code     2  stm32f10x_it.o(.text)
    SystemInit                               0x08000d0f   Thumb Code    78  system_stm32f10x.o(.text)
    SystemCoreClockUpdate                    0x08000d5d   Thumb Code   142  system_stm32f10x.o(.text)
    KEY_Init                                 0x08000e11   Thumb Code    52  key.o(.text)
    KEY_Scan                                 0x08000e45   Thumb Code   188  key.o(.text)
    BEEP_Init                                0x08000f0d   Thumb Code    50  beep.o(.text)
    USART2_IRQHandler                        0x08000f45   Thumb Code    94  usart2.o(.text)
    usart2_init                              0x08000fa3   Thumb Code   186  usart2.o(.text)
    u2_printf                                0x0800105d   Thumb Code    72  usart2.o(.text)
    PS_StaGPIO_Init                          0x080010bd   Thumb Code    64  as608.o(.text)
    PS_GetImage                              0x08001209   Thumb Code    58  as608.o(.text)
    PS_GenChar                               0x08001243   Thumb Code    70  as608.o(.text)
    PS_Match                                 0x08001289   Thumb Code    58  as608.o(.text)
    PS_Search                                0x080012c3   Thumb Code   144  as608.o(.text)
    PS_RegModel                              0x08001353   Thumb Code    58  as608.o(.text)
    PS_StoreChar                             0x0800138d   Thumb Code    96  as608.o(.text)
    PS_DeletChar                             0x080013ed   Thumb Code   108  as608.o(.text)
    PS_Empty                                 0x08001459   Thumb Code    58  as608.o(.text)
    EnsureMessage                            0x08001493   Thumb Code   166  as608.o(.text)
    PS_WriteReg                              0x08001539   Thumb Code   108  as608.o(.text)
    PS_ReadSysPara                           0x080015a5   Thumb Code   168  as608.o(.text)
    PS_SetAddr                               0x0800164d   Thumb Code   146  as608.o(.text)
    PS_WriteNotepad                          0x080016df   Thumb Code   704  as608.o(.text)
    PS_ReadNotepad                           0x0800199f   Thumb Code    96  as608.o(.text)
    PS_HighSpeedSearch                       0x080019ff   Thumb Code   144  as608.o(.text)
    PS_ValidTempleteNum                      0x08001a8f   Thumb Code   110  as608.o(.text)
    PS_HandShake                             0x08001afd   Thumb Code   118  as608.o(.text)
    TIM7_IRQHandler                          0x08001b91   Thumb Code    42  timer.o(.text)
    TIM7_Int_Init                            0x08001bbb   Thumb Code    90  timer.o(.text)
    LED_Init                                 0x08001c1d   Thumb Code    62  led.o(.text)
    LCD_Fill                                 0x08001c65   Thumb Code    74  lcd.o(.text)
    LCD_DrawPoint                            0x08001caf   Thumb Code    28  lcd.o(.text)
    LCD_DrawLine                             0x08001ccb   Thumb Code   172  lcd.o(.text)
    LCD_DrawRectangle                        0x08001d77   Thumb Code    74  lcd.o(.text)
    Draw_Circle                              0x08001dc1   Thumb Code   158  lcd.o(.text)
    LCD_ShowChinese32x32                     0x08001e5f   Thumb Code   254  lcd.o(.text)
    LCD_ShowChinese24x24                     0x08001f5d   Thumb Code   270  lcd.o(.text)
    LCD_ShowChinese16x16                     0x0800206b   Thumb Code   254  lcd.o(.text)
    LCD_ShowChinese                          0x08002169   Thumb Code   116  lcd.o(.text)
    LCD_ShowChar                             0x080021dd   Thumb Code   256  lcd.o(.text)
    LCD_ShowString                           0x080022dd   Thumb Code    66  lcd.o(.text)
    mypow                                    0x0800231f   Thumb Code    22  lcd.o(.text)
    LCD_ShowIntNum                           0x08002335   Thumb Code   150  lcd.o(.text)
    LCD_ShowFloatNum1                        0x080023cb   Thumb Code   158  lcd.o(.text)
    LCD_ShowPicture                          0x08002469   Thumb Code   104  lcd.o(.text)
    LCD_GPIO_Init                            0x080024d5   Thumb Code   138  lcd_init.o(.text)
    LCD_Writ_Bus                             0x0800255f   Thumb Code    86  lcd_init.o(.text)
    LCD_WR_DATA8                             0x080025b5   Thumb Code    12  lcd_init.o(.text)
    LCD_WR_DATA                              0x080025c1   Thumb Code    18  lcd_init.o(.text)
    LCD_WR_REG                               0x080025d3   Thumb Code    32  lcd_init.o(.text)
    LCD_Address_Set                          0x080025f3   Thumb Code    66  lcd_init.o(.text)
    LCD_Init                                 0x08002635   Thumb Code   496  lcd_init.o(.text)
    delay_init                               0x08002831   Thumb Code    50  delay.o(.text)
    delay_us                                 0x08002863   Thumb Code    72  delay.o(.text)
    delay_ms                                 0x080028ab   Thumb Code    72  delay.o(.text)
    _sys_exit                                0x08002905   Thumb Code     6  usart.o(.text)
    fputc                                    0x0800290b   Thumb Code    24  usart.o(.text)
    uart_init                                0x08002923   Thumb Code   152  usart.o(.text)
    USART1_IRQHandler                        0x080029bb   Thumb Code   122  usart.o(.text)
    Reset_Handler                            0x08002a45   Thumb Code     8  startup_stm32f10x_hd.o(.text)
    ADC1_2_IRQHandler                        0x08002a5f   Thumb Code     0  startup_stm32f10x_hd.o(.text)
    ADC3_IRQHandler                          0x08002a5f   Thumb Code     0  startup_stm32f10x_hd.o(.text)
    CAN1_RX1_IRQHandler                      0x08002a5f   Thumb Code     0  startup_stm32f10x_hd.o(.text)
    CAN1_SCE_IRQHandler                      0x08002a5f   Thumb Code     0  startup_stm32f10x_hd.o(.text)
    DMA1_Channel1_IRQHandler                 0x08002a5f   Thumb Code     0  startup_stm32f10x_hd.o(.text)
    DMA1_Channel2_IRQHandler                 0x08002a5f   Thumb Code     0  startup_stm32f10x_hd.o(.text)
    DMA1_Channel3_IRQHandler                 0x08002a5f   Thumb Code     0  startup_stm32f10x_hd.o(.text)
    DMA1_Channel4_IRQHandler                 0x08002a5f   Thumb Code     0  startup_stm32f10x_hd.o(.text)
    DMA1_Channel5_IRQHandler                 0x08002a5f   Thumb Code     0  startup_stm32f10x_hd.o(.text)
    DMA1_Channel6_IRQHandler                 0x08002a5f   Thumb Code     0  startup_stm32f10x_hd.o(.text)
    DMA1_Channel7_IRQHandler                 0x08002a5f   Thumb Code     0  startup_stm32f10x_hd.o(.text)
    DMA2_Channel1_IRQHandler                 0x08002a5f   Thumb Code     0  startup_stm32f10x_hd.o(.text)
    DMA2_Channel2_IRQHandler                 0x08002a5f   Thumb Code     0  startup_stm32f10x_hd.o(.text)
    DMA2_Channel3_IRQHandler                 0x08002a5f   Thumb Code     0  startup_stm32f10x_hd.o(.text)
    DMA2_Channel4_5_IRQHandler               0x08002a5f   Thumb Code     0  startup_stm32f10x_hd.o(.text)
    EXTI0_IRQHandler                         0x08002a5f   Thumb Code     0  startup_stm32f10x_hd.o(.text)
    EXTI15_10_IRQHandler                     0x08002a5f   Thumb Code     0  startup_stm32f10x_hd.o(.text)
    EXTI1_IRQHandler                         0x08002a5f   Thumb Code     0  startup_stm32f10x_hd.o(.text)
    EXTI2_IRQHandler                         0x08002a5f   Thumb Code     0  startup_stm32f10x_hd.o(.text)
    EXTI3_IRQHandler                         0x08002a5f   Thumb Code     0  startup_stm32f10x_hd.o(.text)
    EXTI4_IRQHandler                         0x08002a5f   Thumb Code     0  startup_stm32f10x_hd.o(.text)
    EXTI9_5_IRQHandler                       0x08002a5f   Thumb Code     0  startup_stm32f10x_hd.o(.text)
    FLASH_IRQHandler                         0x08002a5f   Thumb Code     0  startup_stm32f10x_hd.o(.text)
    FSMC_IRQHandler                          0x08002a5f   Thumb Code     0  startup_stm32f10x_hd.o(.text)
    I2C1_ER_IRQHandler                       0x08002a5f   Thumb Code     0  startup_stm32f10x_hd.o(.text)
    I2C1_EV_IRQHandler                       0x08002a5f   Thumb Code     0  startup_stm32f10x_hd.o(.text)
    I2C2_ER_IRQHandler                       0x08002a5f   Thumb Code     0  startup_stm32f10x_hd.o(.text)
    I2C2_EV_IRQHandler                       0x08002a5f   Thumb Code     0  startup_stm32f10x_hd.o(.text)
    PVD_IRQHandler                           0x08002a5f   Thumb Code     0  startup_stm32f10x_hd.o(.text)
    RCC_IRQHandler                           0x08002a5f   Thumb Code     0  startup_stm32f10x_hd.o(.text)
    RTCAlarm_IRQHandler                      0x08002a5f   Thumb Code     0  startup_stm32f10x_hd.o(.text)
    RTC_IRQHandler                           0x08002a5f   Thumb Code     0  startup_stm32f10x_hd.o(.text)
    SDIO_IRQHandler                          0x08002a5f   Thumb Code     0  startup_stm32f10x_hd.o(.text)
    SPI1_IRQHandler                          0x08002a5f   Thumb Code     0  startup_stm32f10x_hd.o(.text)
    SPI2_IRQHandler                          0x08002a5f   Thumb Code     0  startup_stm32f10x_hd.o(.text)
    SPI3_IRQHandler                          0x08002a5f   Thumb Code     0  startup_stm32f10x_hd.o(.text)
    TAMPER_IRQHandler                        0x08002a5f   Thumb Code     0  startup_stm32f10x_hd.o(.text)
    TIM1_BRK_IRQHandler                      0x08002a5f   Thumb Code     0  startup_stm32f10x_hd.o(.text)
    TIM1_CC_IRQHandler                       0x08002a5f   Thumb Code     0  startup_stm32f10x_hd.o(.text)
    TIM1_TRG_COM_IRQHandler                  0x08002a5f   Thumb Code     0  startup_stm32f10x_hd.o(.text)
    TIM1_UP_IRQHandler                       0x08002a5f   Thumb Code     0  startup_stm32f10x_hd.o(.text)
    TIM2_IRQHandler                          0x08002a5f   Thumb Code     0  startup_stm32f10x_hd.o(.text)
    TIM3_IRQHandler                          0x08002a5f   Thumb Code     0  startup_stm32f10x_hd.o(.text)
    TIM4_IRQHandler                          0x08002a5f   Thumb Code     0  startup_stm32f10x_hd.o(.text)
    TIM5_IRQHandler                          0x08002a5f   Thumb Code     0  startup_stm32f10x_hd.o(.text)
    TIM6_IRQHandler                          0x08002a5f   Thumb Code     0  startup_stm32f10x_hd.o(.text)
    TIM8_BRK_IRQHandler                      0x08002a5f   Thumb Code     0  startup_stm32f10x_hd.o(.text)
    TIM8_CC_IRQHandler                       0x08002a5f   Thumb Code     0  startup_stm32f10x_hd.o(.text)
    TIM8_TRG_COM_IRQHandler                  0x08002a5f   Thumb Code     0  startup_stm32f10x_hd.o(.text)
    TIM8_UP_IRQHandler                       0x08002a5f   Thumb Code     0  startup_stm32f10x_hd.o(.text)
    UART4_IRQHandler                         0x08002a5f   Thumb Code     0  startup_stm32f10x_hd.o(.text)
    UART5_IRQHandler                         0x08002a5f   Thumb Code     0  startup_stm32f10x_hd.o(.text)
    USART3_IRQHandler                        0x08002a5f   Thumb Code     0  startup_stm32f10x_hd.o(.text)
    USBWakeUp_IRQHandler                     0x08002a5f   Thumb Code     0  startup_stm32f10x_hd.o(.text)
    USB_HP_CAN1_TX_IRQHandler                0x08002a5f   Thumb Code     0  startup_stm32f10x_hd.o(.text)
    USB_LP_CAN1_RX0_IRQHandler               0x08002a5f   Thumb Code     0  startup_stm32f10x_hd.o(.text)
    WWDG_IRQHandler                          0x08002a5f   Thumb Code     0  startup_stm32f10x_hd.o(.text)
    __user_initial_stackheap                 0x08002a61   Thumb Code     0  startup_stm32f10x_hd.o(.text)
    NVIC_PriorityGroupConfig                 0x08002a85   Thumb Code    10  misc.o(.text)
    NVIC_Init                                0x08002a8f   Thumb Code   100  misc.o(.text)
    NVIC_SetVectorTable                      0x08002af3   Thumb Code    14  misc.o(.text)
    NVIC_SystemLPConfig                      0x08002b01   Thumb Code    34  misc.o(.text)
    SysTick_CLKSourceConfig                  0x08002b23   Thumb Code    40  misc.o(.text)
    GPIO_DeInit                              0x08002b61   Thumb Code   172  stm32f10x_gpio.o(.text)
    GPIO_AFIODeInit                          0x08002c0d   Thumb Code    20  stm32f10x_gpio.o(.text)
    GPIO_Init                                0x08002c21   Thumb Code   278  stm32f10x_gpio.o(.text)
    GPIO_StructInit                          0x08002d37   Thumb Code    16  stm32f10x_gpio.o(.text)
    GPIO_ReadInputDataBit                    0x08002d47   Thumb Code    18  stm32f10x_gpio.o(.text)
    GPIO_ReadInputData                       0x08002d59   Thumb Code     8  stm32f10x_gpio.o(.text)
    GPIO_ReadOutputDataBit                   0x08002d61   Thumb Code    18  stm32f10x_gpio.o(.text)
    GPIO_ReadOutputData                      0x08002d73   Thumb Code     8  stm32f10x_gpio.o(.text)
    GPIO_SetBits                             0x08002d7b   Thumb Code     4  stm32f10x_gpio.o(.text)
    GPIO_ResetBits                           0x08002d7f   Thumb Code     4  stm32f10x_gpio.o(.text)
    GPIO_WriteBit                            0x08002d83   Thumb Code    10  stm32f10x_gpio.o(.text)
    GPIO_Write                               0x08002d8d   Thumb Code     4  stm32f10x_gpio.o(.text)
    GPIO_PinLockConfig                       0x08002d91   Thumb Code    18  stm32f10x_gpio.o(.text)
    GPIO_EventOutputConfig                   0x08002da3   Thumb Code    26  stm32f10x_gpio.o(.text)
    GPIO_EventOutputCmd                      0x08002dbd   Thumb Code     6  stm32f10x_gpio.o(.text)
    GPIO_PinRemapConfig                      0x08002dc3   Thumb Code   138  stm32f10x_gpio.o(.text)
    GPIO_EXTILineConfig                      0x08002e4d   Thumb Code    66  stm32f10x_gpio.o(.text)
    GPIO_ETH_MediaInterfaceConfig            0x08002e8f   Thumb Code     8  stm32f10x_gpio.o(.text)
    RCC_DeInit                               0x08002ebd   Thumb Code    64  stm32f10x_rcc.o(.text)
    RCC_HSEConfig                            0x08002efd   Thumb Code    70  stm32f10x_rcc.o(.text)
    RCC_GetFlagStatus                        0x08002f43   Thumb Code    56  stm32f10x_rcc.o(.text)
    RCC_WaitForHSEStartUp                    0x08002f7b   Thumb Code    56  stm32f10x_rcc.o(.text)
    RCC_AdjustHSICalibrationValue            0x08002fb3   Thumb Code    20  stm32f10x_rcc.o(.text)
    RCC_HSICmd                               0x08002fc7   Thumb Code     6  stm32f10x_rcc.o(.text)
    RCC_PLLConfig                            0x08002fcd   Thumb Code    24  stm32f10x_rcc.o(.text)
    RCC_PLLCmd                               0x08002fe5   Thumb Code     6  stm32f10x_rcc.o(.text)
    RCC_SYSCLKConfig                         0x08002feb   Thumb Code    18  stm32f10x_rcc.o(.text)
    RCC_GetSYSCLKSource                      0x08002ffd   Thumb Code    10  stm32f10x_rcc.o(.text)
    RCC_HCLKConfig                           0x08003007   Thumb Code    18  stm32f10x_rcc.o(.text)
    RCC_PCLK1Config                          0x08003019   Thumb Code    18  stm32f10x_rcc.o(.text)
    RCC_PCLK2Config                          0x0800302b   Thumb Code    20  stm32f10x_rcc.o(.text)
    RCC_ITConfig                             0x0800303f   Thumb Code    26  stm32f10x_rcc.o(.text)
    RCC_USBCLKConfig                         0x08003059   Thumb Code     8  stm32f10x_rcc.o(.text)
    RCC_ADCCLKConfig                         0x08003061   Thumb Code    18  stm32f10x_rcc.o(.text)
    RCC_LSEConfig                            0x08003073   Thumb Code    50  stm32f10x_rcc.o(.text)
    RCC_LSICmd                               0x080030a5   Thumb Code     6  stm32f10x_rcc.o(.text)
    RCC_RTCCLKConfig                         0x080030ab   Thumb Code    12  stm32f10x_rcc.o(.text)
    RCC_RTCCLKCmd                            0x080030b7   Thumb Code     8  stm32f10x_rcc.o(.text)
    RCC_GetClocksFreq                        0x080030bf   Thumb Code   192  stm32f10x_rcc.o(.text)
    RCC_AHBPeriphClockCmd                    0x0800317f   Thumb Code    26  stm32f10x_rcc.o(.text)
    RCC_APB2PeriphClockCmd                   0x08003199   Thumb Code    26  stm32f10x_rcc.o(.text)
    RCC_APB1PeriphClockCmd                   0x080031b3   Thumb Code    26  stm32f10x_rcc.o(.text)
    RCC_APB2PeriphResetCmd                   0x080031cd   Thumb Code    26  stm32f10x_rcc.o(.text)
    RCC_APB1PeriphResetCmd                   0x080031e7   Thumb Code    26  stm32f10x_rcc.o(.text)
    RCC_BackupResetCmd                       0x08003201   Thumb Code     8  stm32f10x_rcc.o(.text)
    RCC_ClockSecuritySystemCmd               0x08003209   Thumb Code     6  stm32f10x_rcc.o(.text)
    RCC_MCOConfig                            0x0800320f   Thumb Code     6  stm32f10x_rcc.o(.text)
    RCC_ClearFlag                            0x08003215   Thumb Code    14  stm32f10x_rcc.o(.text)
    RCC_GetITStatus                          0x08003223   Thumb Code    20  stm32f10x_rcc.o(.text)
    RCC_ClearITPendingBit                    0x08003237   Thumb Code     6  stm32f10x_rcc.o(.text)
    USART_DeInit                             0x08003261   Thumb Code   134  stm32f10x_usart.o(.text)
    USART_Init                               0x080032e7   Thumb Code   210  stm32f10x_usart.o(.text)
    USART_StructInit                         0x080033b9   Thumb Code    24  stm32f10x_usart.o(.text)
    USART_ClockInit                          0x080033d1   Thumb Code    34  stm32f10x_usart.o(.text)
    USART_ClockStructInit                    0x080033f3   Thumb Code    12  stm32f10x_usart.o(.text)
    USART_Cmd                                0x080033ff   Thumb Code    24  stm32f10x_usart.o(.text)
    USART_ITConfig                           0x08003417   Thumb Code    74  stm32f10x_usart.o(.text)
    USART_DMACmd                             0x08003461   Thumb Code    18  stm32f10x_usart.o(.text)
    USART_SetAddress                         0x08003473   Thumb Code    18  stm32f10x_usart.o(.text)
    USART_WakeUpConfig                       0x08003485   Thumb Code    18  stm32f10x_usart.o(.text)
    USART_ReceiverWakeUpCmd                  0x08003497   Thumb Code    24  stm32f10x_usart.o(.text)
    USART_LINBreakDetectLengthConfig         0x080034af   Thumb Code    18  stm32f10x_usart.o(.text)
    USART_LINCmd                             0x080034c1   Thumb Code    24  stm32f10x_usart.o(.text)
    USART_SendData                           0x080034d9   Thumb Code     8  stm32f10x_usart.o(.text)
    USART_ReceiveData                        0x080034e1   Thumb Code    10  stm32f10x_usart.o(.text)
    USART_SendBreak                          0x080034eb   Thumb Code    10  stm32f10x_usart.o(.text)
    USART_SetGuardTime                       0x080034f5   Thumb Code    16  stm32f10x_usart.o(.text)
    USART_SetPrescaler                       0x08003505   Thumb Code    16  stm32f10x_usart.o(.text)
    USART_SmartCardCmd                       0x08003515   Thumb Code    24  stm32f10x_usart.o(.text)
    USART_SmartCardNACKCmd                   0x0800352d   Thumb Code    24  stm32f10x_usart.o(.text)
    USART_HalfDuplexCmd                      0x08003545   Thumb Code    24  stm32f10x_usart.o(.text)
    USART_OverSampling8Cmd                   0x0800355d   Thumb Code    22  stm32f10x_usart.o(.text)
    USART_OneBitMethodCmd                    0x08003573   Thumb Code    24  stm32f10x_usart.o(.text)
    USART_IrDAConfig                         0x0800358b   Thumb Code    18  stm32f10x_usart.o(.text)
    USART_IrDACmd                            0x0800359d   Thumb Code    24  stm32f10x_usart.o(.text)
    USART_GetFlagStatus                      0x080035b5   Thumb Code    26  stm32f10x_usart.o(.text)
    USART_ClearFlag                          0x080035cf   Thumb Code    18  stm32f10x_usart.o(.text)
    USART_GetITStatus                        0x080035e1   Thumb Code    84  stm32f10x_usart.o(.text)
    USART_ClearITPendingBit                  0x08003635   Thumb Code    52  stm32f10x_usart.o(.text)
    TIM_DeInit                               0x08003669   Thumb Code   424  stm32f10x_tim.o(.text)
    TIM_TimeBaseInit                         0x08003811   Thumb Code   122  stm32f10x_tim.o(.text)
    TIM_OC1Init                              0x0800388b   Thumb Code   132  stm32f10x_tim.o(.text)
    TIM_OC2Init                              0x0800390f   Thumb Code   154  stm32f10x_tim.o(.text)
    TIM_OC3Init                              0x080039a9   Thumb Code   150  stm32f10x_tim.o(.text)
    TIM_OC4Init                              0x08003a3f   Thumb Code   182  stm32f10x_tim.o(.text)
    TIM_SetIC4Prescaler                      0x08003af5   Thumb Code    26  stm32f10x_tim.o(.text)
    TIM_SetIC3Prescaler                      0x08003b91   Thumb Code    18  stm32f10x_tim.o(.text)
    TIM_SetIC2Prescaler                      0x08003c1d   Thumb Code    26  stm32f10x_tim.o(.text)
    TIM_SetIC1Prescaler                      0x08003cb9   Thumb Code    18  stm32f10x_tim.o(.text)
    TIM_ICInit                               0x08003d37   Thumb Code   150  stm32f10x_tim.o(.text)
    TIM_PWMIConfig                           0x08003dcd   Thumb Code   124  stm32f10x_tim.o(.text)
    TIM_BDTRConfig                           0x08003e49   Thumb Code    32  stm32f10x_tim.o(.text)
    TIM_TimeBaseStructInit                   0x08003e69   Thumb Code    18  stm32f10x_tim.o(.text)
    TIM_OCStructInit                         0x08003e7b   Thumb Code    20  stm32f10x_tim.o(.text)
    TIM_ICStructInit                         0x08003e8f   Thumb Code    18  stm32f10x_tim.o(.text)
    TIM_BDTRStructInit                       0x08003ea1   Thumb Code    40  stm32f10x_tim.o(.text)
    TIM_Cmd                                  0x08003ec9   Thumb Code    24  stm32f10x_tim.o(.text)
    TIM_CtrlPWMOutputs                       0x08003ee1   Thumb Code    30  stm32f10x_tim.o(.text)
    TIM_ITConfig                             0x08003eff   Thumb Code    18  stm32f10x_tim.o(.text)
    TIM_GenerateEvent                        0x08003f11   Thumb Code     4  stm32f10x_tim.o(.text)
    TIM_DMAConfig                            0x08003f15   Thumb Code    10  stm32f10x_tim.o(.text)
    TIM_DMACmd                               0x08003f1f   Thumb Code    18  stm32f10x_tim.o(.text)
    TIM_InternalClockConfig                  0x08003f31   Thumb Code    12  stm32f10x_tim.o(.text)
    TIM_SelectInputTrigger                   0x08003f3d   Thumb Code    18  stm32f10x_tim.o(.text)
    TIM_ITRxExternalClockConfig              0x08003f4f   Thumb Code    24  stm32f10x_tim.o(.text)
    TIM_TIxExternalClockConfig               0x08003f67   Thumb Code    62  stm32f10x_tim.o(.text)
    TIM_ETRConfig                            0x08003fa5   Thumb Code    28  stm32f10x_tim.o(.text)
    TIM_ETRClockMode1Config                  0x08003fc1   Thumb Code    54  stm32f10x_tim.o(.text)
    TIM_ETRClockMode2Config                  0x08003ff7   Thumb Code    32  stm32f10x_tim.o(.text)
    TIM_PrescalerConfig                      0x08004017   Thumb Code     6  stm32f10x_tim.o(.text)
    TIM_CounterModeConfig                    0x0800401d   Thumb Code    18  stm32f10x_tim.o(.text)
    TIM_EncoderInterfaceConfig               0x0800402f   Thumb Code    66  stm32f10x_tim.o(.text)
    TIM_ForcedOC1Config                      0x08004071   Thumb Code    18  stm32f10x_tim.o(.text)
    TIM_ForcedOC2Config                      0x08004083   Thumb Code    26  stm32f10x_tim.o(.text)
    TIM_ForcedOC3Config                      0x0800409d   Thumb Code    18  stm32f10x_tim.o(.text)
    TIM_ForcedOC4Config                      0x080040af   Thumb Code    26  stm32f10x_tim.o(.text)
    TIM_ARRPreloadConfig                     0x080040c9   Thumb Code    24  stm32f10x_tim.o(.text)
    TIM_SelectCOM                            0x080040e1   Thumb Code    24  stm32f10x_tim.o(.text)
    TIM_SelectCCDMA                          0x080040f9   Thumb Code    24  stm32f10x_tim.o(.text)
    TIM_CCPreloadControl                     0x08004111   Thumb Code    24  stm32f10x_tim.o(.text)
    TIM_OC1PreloadConfig                     0x08004129   Thumb Code    18  stm32f10x_tim.o(.text)
    TIM_OC2PreloadConfig                     0x0800413b   Thumb Code    26  stm32f10x_tim.o(.text)
    TIM_OC3PreloadConfig                     0x08004155   Thumb Code    18  stm32f10x_tim.o(.text)
    TIM_OC4PreloadConfig                     0x08004167   Thumb Code    26  stm32f10x_tim.o(.text)
    TIM_OC1FastConfig                        0x08004181   Thumb Code    18  stm32f10x_tim.o(.text)
    TIM_OC2FastConfig                        0x08004193   Thumb Code    26  stm32f10x_tim.o(.text)
    TIM_OC3FastConfig                        0x080041ad   Thumb Code    18  stm32f10x_tim.o(.text)
    TIM_OC4FastConfig                        0x080041bf   Thumb Code    26  stm32f10x_tim.o(.text)
    TIM_ClearOC1Ref                          0x080041d9   Thumb Code    18  stm32f10x_tim.o(.text)
    TIM_ClearOC2Ref                          0x080041eb   Thumb Code    24  stm32f10x_tim.o(.text)
    TIM_ClearOC3Ref                          0x08004203   Thumb Code    18  stm32f10x_tim.o(.text)
    TIM_ClearOC4Ref                          0x08004215   Thumb Code    24  stm32f10x_tim.o(.text)
    TIM_OC1PolarityConfig                    0x0800422d   Thumb Code    18  stm32f10x_tim.o(.text)
    TIM_OC1NPolarityConfig                   0x0800423f   Thumb Code    18  stm32f10x_tim.o(.text)
    TIM_OC2PolarityConfig                    0x08004251   Thumb Code    26  stm32f10x_tim.o(.text)
    TIM_OC2NPolarityConfig                   0x0800426b   Thumb Code    26  stm32f10x_tim.o(.text)
    TIM_OC3PolarityConfig                    0x08004285   Thumb Code    26  stm32f10x_tim.o(.text)
    TIM_OC3NPolarityConfig                   0x0800429f   Thumb Code    26  stm32f10x_tim.o(.text)
    TIM_OC4PolarityConfig                    0x080042b9   Thumb Code    26  stm32f10x_tim.o(.text)
    TIM_CCxCmd                               0x080042d3   Thumb Code    30  stm32f10x_tim.o(.text)
    TIM_CCxNCmd                              0x080042f1   Thumb Code    30  stm32f10x_tim.o(.text)
    TIM_SelectOCxM                           0x0800430f   Thumb Code    82  stm32f10x_tim.o(.text)
    TIM_UpdateDisableConfig                  0x08004361   Thumb Code    24  stm32f10x_tim.o(.text)
    TIM_UpdateRequestConfig                  0x08004379   Thumb Code    24  stm32f10x_tim.o(.text)
    TIM_SelectHallSensor                     0x08004391   Thumb Code    24  stm32f10x_tim.o(.text)
    TIM_SelectOnePulseMode                   0x080043a9   Thumb Code    18  stm32f10x_tim.o(.text)
    TIM_SelectOutputTrigger                  0x080043bb   Thumb Code    18  stm32f10x_tim.o(.text)
    TIM_SelectSlaveMode                      0x080043cd   Thumb Code    18  stm32f10x_tim.o(.text)
    TIM_SelectMasterSlaveMode                0x080043df   Thumb Code    18  stm32f10x_tim.o(.text)
    TIM_SetCounter                           0x080043f1   Thumb Code     4  stm32f10x_tim.o(.text)
    TIM_SetAutoreload                        0x080043f5   Thumb Code     4  stm32f10x_tim.o(.text)
    TIM_SetCompare1                          0x080043f9   Thumb Code     4  stm32f10x_tim.o(.text)
    TIM_SetCompare2                          0x080043fd   Thumb Code     4  stm32f10x_tim.o(.text)
    TIM_SetCompare3                          0x08004401   Thumb Code     4  stm32f10x_tim.o(.text)
    TIM_SetCompare4                          0x08004405   Thumb Code     6  stm32f10x_tim.o(.text)
    TIM_SetClockDivision                     0x0800440b   Thumb Code    18  stm32f10x_tim.o(.text)
    TIM_GetCapture1                          0x0800441d   Thumb Code     6  stm32f10x_tim.o(.text)
    TIM_GetCapture2                          0x08004423   Thumb Code     6  stm32f10x_tim.o(.text)
    TIM_GetCapture3                          0x08004429   Thumb Code     6  stm32f10x_tim.o(.text)
    TIM_GetCapture4                          0x0800442f   Thumb Code     8  stm32f10x_tim.o(.text)
    TIM_GetCounter                           0x08004437   Thumb Code     6  stm32f10x_tim.o(.text)
    TIM_GetPrescaler                         0x0800443d   Thumb Code     6  stm32f10x_tim.o(.text)
    TIM_GetFlagStatus                        0x08004443   Thumb Code    18  stm32f10x_tim.o(.text)
    TIM_ClearFlag                            0x08004455   Thumb Code     6  stm32f10x_tim.o(.text)
    TIM_GetITStatus                          0x0800445b   Thumb Code    34  stm32f10x_tim.o(.text)
    TIM_ClearITPendingBit                    0x0800447d   Thumb Code     6  stm32f10x_tim.o(.text)
    __use_no_semihosting                     0x08004483   Thumb Code     2  use_no_semi_2.o(.text)
    __c89vsprintf                            0x08004485   Thumb Code    32  c89vsprintf.o(.text)
    __2printf                                0x080044a9   Thumb Code    20  __2printf.o(.text)
    _printf_str                              0x080044c1   Thumb Code    82  _printf_str.o(.text)
    _printf_int_dec                          0x08004515   Thumb Code   104  _printf_dec.o(.text)
    _printf_longlong_hex                     0x0800458d   Thumb Code    86  _printf_hex_int_ll_ptr.o(.text)
    _printf_int_hex                          0x080045e3   Thumb Code    28  _printf_hex_int_ll_ptr.o(.text)
    _printf_ll_hex                           0x080045ff   Thumb Code    12  _printf_hex_int_ll_ptr.o(.text)
    _printf_hex_ptr                          0x0800460b   Thumb Code    18  _printf_hex_int_ll_ptr.o(.text)
    __printf                                 0x08004621   Thumb Code   388  __printf_flags_ss_wp.o(.text)
    strstr                                   0x080047a9   Thumb Code    36  strstr.o(.text)
    strlen                                   0x080047cd   Thumb Code    62  strlen.o(.text)
    __use_two_region_memory                  0x0800480b   Thumb Code     2  heapauxi.o(.text)
    __rt_heap_escrow$2region                 0x0800480d   Thumb Code     2  heapauxi.o(.text)
    __rt_heap_expand$2region                 0x0800480f   Thumb Code     2  heapauxi.o(.text)
    __I$use$semihosting                      0x08004811   Thumb Code     0  use_no_semi.o(.text)
    __use_no_semihosting_swi                 0x08004811   Thumb Code     2  use_no_semi.o(.text)
    _printf_pre_padding                      0x08004813   Thumb Code    44  _printf_pad.o(.text)
    _printf_post_padding                     0x0800483f   Thumb Code    34  _printf_pad.o(.text)
    _printf_truncate_signed                  0x08004861   Thumb Code    18  _printf_truncate.o(.text)
    _printf_truncate_unsigned                0x08004873   Thumb Code    18  _printf_truncate.o(.text)
    _printf_int_common                       0x08004885   Thumb Code   178  _printf_intcommon.o(.text)
    _printf_charcount                        0x08004937   Thumb Code    40  _printf_charcount.o(.text)
    _printf_char_common                      0x0800496b   Thumb Code    32  _printf_char_common.o(.text)
    _sputc                                   0x08004991   Thumb Code    10  _sputc.o(.text)
    _printf_cs_common                        0x0800499b   Thumb Code    20  _printf_char.o(.text)
    _printf_char                             0x080049af   Thumb Code    16  _printf_char.o(.text)
    _printf_string                           0x080049bf   Thumb Code     8  _printf_char.o(.text)
    _printf_char_file                        0x080049c9   Thumb Code    32  _printf_char_file.o(.text)
    _printf_wctomb                           0x080049ed   Thumb Code   182  _printf_wctomb.o(.text)
    _printf_longlong_dec                     0x08004aa9   Thumb Code   108  _printf_longlong_dec.o(.text)
    _printf_longlong_oct                     0x08004b25   Thumb Code    66  _printf_oct_int_ll.o(.text)
    _printf_int_oct                          0x08004b67   Thumb Code    24  _printf_oct_int_ll.o(.text)
    _printf_ll_oct                           0x08004b7f   Thumb Code    12  _printf_oct_int_ll.o(.text)
    _ll_udiv10                               0x08004b95   Thumb Code   138  lludiv10.o(.text)
    __lib_sel_fp_printf                      0x08004c1f   Thumb Code     2  _printf_fp_dec.o(.text)
    _printf_fp_dec_real                      0x08004dd1   Thumb Code   620  _printf_fp_dec.o(.text)
    _printf_lcs_common                       0x0800503d   Thumb Code    20  _printf_wchar.o(.text)
    _printf_wchar                            0x08005051   Thumb Code    16  _printf_wchar.o(.text)
    _printf_wstring                          0x08005061   Thumb Code     8  _printf_wchar.o(.text)
    ferror                                   0x08005069   Thumb Code     8  ferror.o(.text)
    _wcrtomb                                 0x08005071   Thumb Code    64  _wcrtomb.o(.text)
    __user_setup_stackheap                   0x080050b1   Thumb Code    74  sys_stackheap_outer.o(.text)
    __rt_ctype_table                         0x080050fd   Thumb Code    16  rt_ctype_table.o(.text)
    __rt_locale                              0x0800510d   Thumb Code     8  rt_locale_intlibspace.o(.text)
    _printf_fp_infnan                        0x08005115   Thumb Code   112  _printf_fp_infnan.o(.text)
    _btod_etento                             0x08005195   Thumb Code   224  bigflt0.o(.text)
    exit                                     0x08005279   Thumb Code    18  exit.o(.text)
    __user_libspace                          0x0800528d   Thumb Code     8  libspace.o(.text)
    __user_perproc_libspace                  0x0800528d   Thumb Code     0  libspace.o(.text)
    __user_perthread_libspace                0x0800528d   Thumb Code     0  libspace.o(.text)
    strcmp                                   0x08005295   Thumb Code   128  strcmpv7m.o(.text)
    _btod_d2e                                0x08005315   Thumb Code    62  btod.o(CL$$btod_d2e)
    _d2e_denorm_low                          0x08005353   Thumb Code    70  btod.o(CL$$btod_d2e_denorm_low)
    _d2e_norm_op1                            0x08005399   Thumb Code    96  btod.o(CL$$btod_d2e_norm_op1)
    __btod_div_common                        0x080053f9   Thumb Code   696  btod.o(CL$$btod_div_common)
    _e2e                                     0x08005731   Thumb Code   220  btod.o(CL$$btod_e2e)
    _btod_ediv                               0x0800580d   Thumb Code    42  btod.o(CL$$btod_ediv)
    _btod_emul                               0x08005837   Thumb Code    42  btod.o(CL$$btod_emul)
    __btod_mult_common                       0x08005861   Thumb Code   580  btod.o(CL$$btod_mult_common)
    __ARM_fpclassify                         0x08005aa5   Thumb Code    40  fpclassify.o(i.__ARM_fpclassify)
    _is_digit                                0x08005acd   Thumb Code    14  __printf_wp.o(i._is_digit)
    _get_lc_numeric                          0x08005add   Thumb Code    44  lc_numeric_c.o(locale$$code)
    _get_lc_ctype                            0x08005b09   Thumb Code    44  lc_ctype_c.o(locale$$code)
    __aeabi_f2uiz                            0x08005b35   Thumb Code     0  ffixu.o(x$fpl$ffixu)
    _ffixu                                   0x08005b35   Thumb Code    62  ffixu.o(x$fpl$ffixu)
    __aeabi_fmul                             0x08005b75   Thumb Code     0  fmul.o(x$fpl$fmul)
    _fmul                                    0x08005b75   Thumb Code   258  fmul.o(x$fpl$fmul)
    __fpl_fnaninf                            0x08005c77   Thumb Code   140  fnaninf.o(x$fpl$fnaninf)
    __fpl_fretinf                            0x08005d03   Thumb Code    10  fretinf.o(x$fpl$fretinf)
    _printf_fp_dec                           0x08005d0d   Thumb Code     4  printf1.o(x$fpl$printf1)
    __I$use$fp                               0x08005d10   Number         0  usenofp.o(x$fpl$usenofp)
    ascii_1608                               0x08005d10   Data        1520  lcd.o(.constdata)
    ascii_3216                               0x08006300   Data        6080  lcd.o(.constdata)
    tfont16                                  0x08007ac0   Data        1292  lcd.o(.constdata)
    tfont24                                  0x08007fcc   Data         370  lcd.o(.constdata)
    tfont32                                  0x0800813e   Data         650  lcd.o(.constdata)
    Region$$Table$$Base                      0x080084a0   Number         0  anon$$obj.o(Region$$Table)
    Region$$Table$$Limit                     0x080084c0   Number         0  anon$$obj.o(Region$$Table)
    __ctype                                  0x080084e9   Data           0  lc_ctype_c.o(locale$$data)
    ValidN                                   0x20000000   Data           2  main.o(.data)
    SystemCoreClock                          0x20000004   Data           4  system_stm32f10x.o(.data)
    AHBPrescTable                            0x20000008   Data          16  system_stm32f10x.o(.data)
    USART2_RX_STA                            0x2000001a   Data           2  usart2.o(.data)
    AS608Addr                                0x2000001c   Data           4  as608.o(.data)
    __stdout                                 0x20000024   Data           4  usart.o(.data)
    USART_RX_STA                             0x20000028   Data           2  usart.o(.data)
    USART2_RX_BUF                            0x20000040   Data         400  usart2.o(.bss)
    USART2_TX_BUF                            0x200001d0   Data         400  usart2.o(.bss)
    USART_RX_BUF                             0x20000360   Data         200  usart.o(.bss)
    __libspace_start                         0x20000428   Data          96  libspace.o(.bss)
    __temporary_stack_top$libspace           0x20000488   Data           0  libspace.o(.bss)



==============================================================================

Memory Map of the image

  Image Entry point : 0x08000131

  Load Region LR_IROM1 (Base: 0x08000000, Size: 0x0000862c, Max: 0x00080000, ABSOLUTE)

    Execution Region ER_IROM1 (Exec base: 0x08000000, Load base: 0x08000000, Size: 0x000085ec, Max: 0x00080000, ABSOLUTE)

    Exec Addr    Load Addr    Size         Type   Attr      Idx    E Section Name        Object

    0x08000000   0x08000000   0x00000130   Data   RO          404    RESET               startup_stm32f10x_hd.o
    0x08000130   0x08000130   0x00000008   Code   RO          586  * !!!main             c_w.l(__main.o)
    0x08000138   0x08000138   0x00000034   Code   RO          863    !!!scatter          c_w.l(__scatter.o)
    0x0800016c   0x0800016c   0x0000001a   Code   RO          865    !!handler_copy      c_w.l(__scatter_copy.o)
    0x08000186   0x08000186   0x00000002   PAD
    0x08000188   0x08000188   0x0000001c   Code   RO          867    !!handler_zi        c_w.l(__scatter_zi.o)
    0x080001a4   0x080001a4   0x00000000   Code   RO          579    .ARM.Collect$$_printf_percent$$00000000  c_w.l(_printf_percent.o)
    0x080001a4   0x080001a4   0x00000006   Code   RO          625    .ARM.Collect$$_printf_percent$$00000001  c_w.l(_printf_n.o)
    0x080001aa   0x080001aa   0x00000006   Code   RO          626    .ARM.Collect$$_printf_percent$$00000002  c_w.l(_printf_p.o)
    0x080001b0   0x080001b0   0x00000006   Code   RO          630    .ARM.Collect$$_printf_percent$$00000003  c_w.l(_printf_f.o)
    0x080001b6   0x080001b6   0x00000006   Code   RO          631    .ARM.Collect$$_printf_percent$$00000004  c_w.l(_printf_e.o)
    0x080001bc   0x080001bc   0x00000006   Code   RO          632    .ARM.Collect$$_printf_percent$$00000005  c_w.l(_printf_g.o)
    0x080001c2   0x080001c2   0x00000006   Code   RO          633    .ARM.Collect$$_printf_percent$$00000006  c_w.l(_printf_a.o)
    0x080001c8   0x080001c8   0x0000000a   Code   RO          638    .ARM.Collect$$_printf_percent$$00000007  c_w.l(_printf_ll.o)
    0x080001d2   0x080001d2   0x00000006   Code   RO          628    .ARM.Collect$$_printf_percent$$00000008  c_w.l(_printf_i.o)
    0x080001d8   0x080001d8   0x00000006   Code   RO          578    .ARM.Collect$$_printf_percent$$00000009  c_w.l(_printf_d.o)
    0x080001de   0x080001de   0x00000006   Code   RO          629    .ARM.Collect$$_printf_percent$$0000000A  c_w.l(_printf_u.o)
    0x080001e4   0x080001e4   0x00000006   Code   RO          627    .ARM.Collect$$_printf_percent$$0000000B  c_w.l(_printf_o.o)
    0x080001ea   0x080001ea   0x00000006   Code   RO          577    .ARM.Collect$$_printf_percent$$0000000C  c_w.l(_printf_x.o)
    0x080001f0   0x080001f0   0x00000006   Code   RO          635    .ARM.Collect$$_printf_percent$$0000000D  c_w.l(_printf_lli.o)
    0x080001f6   0x080001f6   0x00000006   Code   RO          636    .ARM.Collect$$_printf_percent$$0000000E  c_w.l(_printf_lld.o)
    0x080001fc   0x080001fc   0x00000006   Code   RO          637    .ARM.Collect$$_printf_percent$$0000000F  c_w.l(_printf_llu.o)
    0x08000202   0x08000202   0x00000006   Code   RO          642    .ARM.Collect$$_printf_percent$$00000010  c_w.l(_printf_llo.o)
    0x08000208   0x08000208   0x00000006   Code   RO          643    .ARM.Collect$$_printf_percent$$00000011  c_w.l(_printf_llx.o)
    0x0800020e   0x0800020e   0x0000000a   Code   RO          639    .ARM.Collect$$_printf_percent$$00000012  c_w.l(_printf_l.o)
    0x08000218   0x08000218   0x00000006   Code   RO          624    .ARM.Collect$$_printf_percent$$00000013  c_w.l(_printf_c.o)
    0x0800021e   0x0800021e   0x00000006   Code   RO          576    .ARM.Collect$$_printf_percent$$00000014  c_w.l(_printf_s.o)
    0x08000224   0x08000224   0x00000006   Code   RO          640    .ARM.Collect$$_printf_percent$$00000015  c_w.l(_printf_lc.o)
    0x0800022a   0x0800022a   0x00000006   Code   RO          641    .ARM.Collect$$_printf_percent$$00000016  c_w.l(_printf_ls.o)
    0x08000230   0x08000230   0x00000004   Code   RO          634    .ARM.Collect$$_printf_percent$$00000017  c_w.l(_printf_percent_end.o)
    0x08000234   0x08000234   0x00000002   Code   RO          726    .ARM.Collect$$libinit$$00000000  c_w.l(libinit.o)
    0x08000236   0x08000236   0x00000000   Code   RO          742    .ARM.Collect$$libinit$$00000002  c_w.l(libinit2.o)
    0x08000236   0x08000236   0x00000000   Code   RO          744    .ARM.Collect$$libinit$$00000004  c_w.l(libinit2.o)
    0x08000236   0x08000236   0x00000000   Code   RO          747    .ARM.Collect$$libinit$$0000000A  c_w.l(libinit2.o)
    0x08000236   0x08000236   0x00000000   Code   RO          749    .ARM.Collect$$libinit$$0000000C  c_w.l(libinit2.o)
    0x08000236   0x08000236   0x00000000   Code   RO          751    .ARM.Collect$$libinit$$0000000E  c_w.l(libinit2.o)
    0x08000236   0x08000236   0x00000006   Code   RO          752    .ARM.Collect$$libinit$$0000000F  c_w.l(libinit2.o)
    0x0800023c   0x0800023c   0x00000000   Code   RO          754    .ARM.Collect$$libinit$$00000011  c_w.l(libinit2.o)
    0x0800023c   0x0800023c   0x0000000c   Code   RO          755    .ARM.Collect$$libinit$$00000012  c_w.l(libinit2.o)
    0x08000248   0x08000248   0x00000000   Code   RO          756    .ARM.Collect$$libinit$$00000013  c_w.l(libinit2.o)
    0x08000248   0x08000248   0x00000000   Code   RO          758    .ARM.Collect$$libinit$$00000015  c_w.l(libinit2.o)
    0x08000248   0x08000248   0x0000000a   Code   RO          759    .ARM.Collect$$libinit$$00000016  c_w.l(libinit2.o)
    0x08000252   0x08000252   0x00000000   Code   RO          760    .ARM.Collect$$libinit$$00000017  c_w.l(libinit2.o)
    0x08000252   0x08000252   0x00000000   Code   RO          762    .ARM.Collect$$libinit$$00000019  c_w.l(libinit2.o)
    0x08000252   0x08000252   0x00000000   Code   RO          764    .ARM.Collect$$libinit$$0000001B  c_w.l(libinit2.o)
    0x08000252   0x08000252   0x00000000   Code   RO          766    .ARM.Collect$$libinit$$0000001D  c_w.l(libinit2.o)
    0x08000252   0x08000252   0x00000000   Code   RO          768    .ARM.Collect$$libinit$$0000001F  c_w.l(libinit2.o)
    0x08000252   0x08000252   0x00000000   Code   RO          770    .ARM.Collect$$libinit$$00000021  c_w.l(libinit2.o)
    0x08000252   0x08000252   0x00000000   Code   RO          772    .ARM.Collect$$libinit$$00000023  c_w.l(libinit2.o)
    0x08000252   0x08000252   0x00000000   Code   RO          774    .ARM.Collect$$libinit$$00000025  c_w.l(libinit2.o)
    0x08000252   0x08000252   0x00000000   Code   RO          778    .ARM.Collect$$libinit$$0000002C  c_w.l(libinit2.o)
    0x08000252   0x08000252   0x00000000   Code   RO          780    .ARM.Collect$$libinit$$0000002E  c_w.l(libinit2.o)
    0x08000252   0x08000252   0x00000000   Code   RO          782    .ARM.Collect$$libinit$$00000030  c_w.l(libinit2.o)
    0x08000252   0x08000252   0x00000000   Code   RO          784    .ARM.Collect$$libinit$$00000032  c_w.l(libinit2.o)
    0x08000252   0x08000252   0x00000002   Code   RO          785    .ARM.Collect$$libinit$$00000033  c_w.l(libinit2.o)
    0x08000254   0x08000254   0x00000002   Code   RO          803    .ARM.Collect$$libshutdown$$00000000  c_w.l(libshutdown.o)
    0x08000256   0x08000256   0x00000000   Code   RO          813    .ARM.Collect$$libshutdown$$00000002  c_w.l(libshutdown2.o)
    0x08000256   0x08000256   0x00000000   Code   RO          815    .ARM.Collect$$libshutdown$$00000004  c_w.l(libshutdown2.o)
    0x08000256   0x08000256   0x00000000   Code   RO          817    .ARM.Collect$$libshutdown$$00000006  c_w.l(libshutdown2.o)
    0x08000256   0x08000256   0x00000000   Code   RO          820    .ARM.Collect$$libshutdown$$00000009  c_w.l(libshutdown2.o)
    0x08000256   0x08000256   0x00000000   Code   RO          823    .ARM.Collect$$libshutdown$$0000000C  c_w.l(libshutdown2.o)
    0x08000256   0x08000256   0x00000000   Code   RO          825    .ARM.Collect$$libshutdown$$0000000E  c_w.l(libshutdown2.o)
    0x08000256   0x08000256   0x00000000   Code   RO          828    .ARM.Collect$$libshutdown$$00000011  c_w.l(libshutdown2.o)
    0x08000256   0x08000256   0x00000002   Code   RO          829    .ARM.Collect$$libshutdown$$00000012  c_w.l(libshutdown2.o)
    0x08000258   0x08000258   0x00000000   Code   RO          596    .ARM.Collect$$rtentry$$00000000  c_w.l(__rtentry.o)
    0x08000258   0x08000258   0x00000000   Code   RO          652    .ARM.Collect$$rtentry$$00000002  c_w.l(__rtentry2.o)
    0x08000258   0x08000258   0x00000006   Code   RO          664    .ARM.Collect$$rtentry$$00000004  c_w.l(__rtentry4.o)
    0x0800025e   0x0800025e   0x00000000   Code   RO          654    .ARM.Collect$$rtentry$$00000009  c_w.l(__rtentry2.o)
    0x0800025e   0x0800025e   0x00000004   Code   RO          655    .ARM.Collect$$rtentry$$0000000A  c_w.l(__rtentry2.o)
    0x08000262   0x08000262   0x00000000   Code   RO          657    .ARM.Collect$$rtentry$$0000000C  c_w.l(__rtentry2.o)
    0x08000262   0x08000262   0x00000008   Code   RO          658    .ARM.Collect$$rtentry$$0000000D  c_w.l(__rtentry2.o)
    0x0800026a   0x0800026a   0x00000002   Code   RO          734    .ARM.Collect$$rtexit$$00000000  c_w.l(rtexit.o)
    0x0800026c   0x0800026c   0x00000000   Code   RO          787    .ARM.Collect$$rtexit$$00000002  c_w.l(rtexit2.o)
    0x0800026c   0x0800026c   0x00000004   Code   RO          788    .ARM.Collect$$rtexit$$00000003  c_w.l(rtexit2.o)
    0x08000270   0x08000270   0x00000006   Code   RO          789    .ARM.Collect$$rtexit$$00000004  c_w.l(rtexit2.o)
    0x08000276   0x08000276   0x00000002   PAD
    0x08000278   0x08000278   0x0000099c   Code   RO            1    .text               main.o
    0x08000c14   0x08000c14   0x0000001a   Code   RO          142    .text               stm32f10x_it.o
    0x08000c2e   0x08000c2e   0x00000002   PAD
    0x08000c30   0x08000c30   0x000001e0   Code   RO          183    .text               system_stm32f10x.o
    0x08000e10   0x08000e10   0x000000fc   Code   RO          201    .text               key.o
    0x08000f0c   0x08000f0c   0x00000038   Code   RO          214    .text               beep.o
    0x08000f44   0x08000f44   0x00000178   Code   RO          226    .text               usart2.o
    0x080010bc   0x080010bc   0x00000ad4   Code   RO          258    .text               as608.o
    0x08001b90   0x08001b90   0x0000008c   Code   RO          283    .text               timer.o
    0x08001c1c   0x08001c1c   0x00000048   Code   RO          296    .text               led.o
    0x08001c64   0x08001c64   0x00000870   Code   RO          308    .text               lcd.o
    0x080024d4   0x080024d4   0x0000035c   Code   RO          326    .text               lcd_init.o
    0x08002830   0x08002830   0x000000d4   Code   RO          338    .text               delay.o
    0x08002904   0x08002904   0x00000140   Code   RO          369    .text               usart.o
    0x08002a44   0x08002a44   0x00000040   Code   RO          405    .text               startup_stm32f10x_hd.o
    0x08002a84   0x08002a84   0x000000dc   Code   RO          409    .text               misc.o
    0x08002b60   0x08002b60   0x0000035c   Code   RO          433    .text               stm32f10x_gpio.o
    0x08002ebc   0x08002ebc   0x000003a4   Code   RO          445    .text               stm32f10x_rcc.o
    0x08003260   0x08003260   0x00000408   Code   RO          471    .text               stm32f10x_usart.o
    0x08003668   0x08003668   0x00000e1a   Code   RO          483    .text               stm32f10x_tim.o
    0x08004482   0x08004482   0x00000002   Code   RO          521    .text               c_w.l(use_no_semi_2.o)
    0x08004484   0x08004484   0x00000024   Code   RO          523    .text               c_w.l(c89vsprintf.o)
    0x080044a8   0x080044a8   0x00000018   Code   RO          525    .text               c_w.l(__2printf.o)
    0x080044c0   0x080044c0   0x00000052   Code   RO          531    .text               c_w.l(_printf_str.o)
    0x08004512   0x08004512   0x00000002   PAD
    0x08004514   0x08004514   0x00000078   Code   RO          533    .text               c_w.l(_printf_dec.o)
    0x0800458c   0x0800458c   0x00000094   Code   RO          553    .text               c_w.l(_printf_hex_int_ll_ptr.o)
    0x08004620   0x08004620   0x00000188   Code   RO          573    .text               c_w.l(__printf_flags_ss_wp.o)
    0x080047a8   0x080047a8   0x00000024   Code   RO          580    .text               c_w.l(strstr.o)
    0x080047cc   0x080047cc   0x0000003e   Code   RO          582    .text               c_w.l(strlen.o)
    0x0800480a   0x0800480a   0x00000006   Code   RO          584    .text               c_w.l(heapauxi.o)
    0x08004810   0x08004810   0x00000002   Code   RO          594    .text               c_w.l(use_no_semi.o)
    0x08004812   0x08004812   0x0000004e   Code   RO          597    .text               c_w.l(_printf_pad.o)
    0x08004860   0x08004860   0x00000024   Code   RO          599    .text               c_w.l(_printf_truncate.o)
    0x08004884   0x08004884   0x000000b2   Code   RO          601    .text               c_w.l(_printf_intcommon.o)
    0x08004936   0x08004936   0x00000028   Code   RO          603    .text               c_w.l(_printf_charcount.o)
    0x0800495e   0x0800495e   0x00000002   PAD
    0x08004960   0x08004960   0x00000030   Code   RO          605    .text               c_w.l(_printf_char_common.o)
    0x08004990   0x08004990   0x0000000a   Code   RO          607    .text               c_w.l(_sputc.o)
    0x0800499a   0x0800499a   0x0000002c   Code   RO          609    .text               c_w.l(_printf_char.o)
    0x080049c6   0x080049c6   0x00000002   PAD
    0x080049c8   0x080049c8   0x00000024   Code   RO          611    .text               c_w.l(_printf_char_file.o)
    0x080049ec   0x080049ec   0x000000bc   Code   RO          613    .text               c_w.l(_printf_wctomb.o)
    0x08004aa8   0x08004aa8   0x0000007c   Code   RO          616    .text               c_w.l(_printf_longlong_dec.o)
    0x08004b24   0x08004b24   0x00000070   Code   RO          622    .text               c_w.l(_printf_oct_int_ll.o)
    0x08004b94   0x08004b94   0x0000008a   Code   RO          666    .text               c_w.l(lludiv10.o)
    0x08004c1e   0x08004c1e   0x0000041e   Code   RO          668    .text               c_w.l(_printf_fp_dec.o)
    0x0800503c   0x0800503c   0x0000002c   Code   RO          672    .text               c_w.l(_printf_wchar.o)
    0x08005068   0x08005068   0x00000008   Code   RO          674    .text               c_w.l(ferror.o)
    0x08005070   0x08005070   0x00000040   Code   RO          678    .text               c_w.l(_wcrtomb.o)
    0x080050b0   0x080050b0   0x0000004a   Code   RO          680    .text               c_w.l(sys_stackheap_outer.o)
    0x080050fa   0x080050fa   0x00000002   PAD
    0x080050fc   0x080050fc   0x00000010   Code   RO          682    .text               c_w.l(rt_ctype_table.o)
    0x0800510c   0x0800510c   0x00000008   Code   RO          687    .text               c_w.l(rt_locale_intlibspace.o)
    0x08005114   0x08005114   0x00000080   Code   RO          689    .text               c_w.l(_printf_fp_infnan.o)
    0x08005194   0x08005194   0x000000e4   Code   RO          691    .text               c_w.l(bigflt0.o)
    0x08005278   0x08005278   0x00000012   Code   RO          719    .text               c_w.l(exit.o)
    0x0800528a   0x0800528a   0x00000002   PAD
    0x0800528c   0x0800528c   0x00000008   Code   RO          731    .text               c_w.l(libspace.o)
    0x08005294   0x08005294   0x00000080   Code   RO          739    .text               c_w.l(strcmpv7m.o)
    0x08005314   0x08005314   0x0000003e   Code   RO          694    CL$$btod_d2e        c_w.l(btod.o)
    0x08005352   0x08005352   0x00000046   Code   RO          696    CL$$btod_d2e_denorm_low  c_w.l(btod.o)
    0x08005398   0x08005398   0x00000060   Code   RO          695    CL$$btod_d2e_norm_op1  c_w.l(btod.o)
    0x080053f8   0x080053f8   0x00000338   Code   RO          704    CL$$btod_div_common  c_w.l(btod.o)
    0x08005730   0x08005730   0x000000dc   Code   RO          701    CL$$btod_e2e        c_w.l(btod.o)
    0x0800580c   0x0800580c   0x0000002a   Code   RO          698    CL$$btod_ediv       c_w.l(btod.o)
    0x08005836   0x08005836   0x0000002a   Code   RO          697    CL$$btod_emul       c_w.l(btod.o)
    0x08005860   0x08005860   0x00000244   Code   RO          703    CL$$btod_mult_common  c_w.l(btod.o)
    0x08005aa4   0x08005aa4   0x00000028   Code   RO          729    i.__ARM_fpclassify  m_ws.l(fpclassify.o)
    0x08005acc   0x08005acc   0x0000000e   Code   RO          566    i._is_digit         c_w.l(__printf_wp.o)
    0x08005ada   0x08005ada   0x00000002   PAD
    0x08005adc   0x08005adc   0x0000002c   Code   RO          717    locale$$code        c_w.l(lc_numeric_c.o)
    0x08005b08   0x08005b08   0x0000002c   Code   RO          737    locale$$code        c_w.l(lc_ctype_c.o)
    0x08005b34   0x08005b34   0x0000003e   Code   RO          588    x$fpl$ffixu         fz_ws.l(ffixu.o)
    0x08005b72   0x08005b72   0x00000002   PAD
    0x08005b74   0x08005b74   0x00000102   Code   RO          592    x$fpl$fmul          fz_ws.l(fmul.o)
    0x08005c76   0x08005c76   0x0000008c   Code   RO          644    x$fpl$fnaninf       fz_ws.l(fnaninf.o)
    0x08005d02   0x08005d02   0x0000000a   Code   RO          646    x$fpl$fretinf       fz_ws.l(fretinf.o)
    0x08005d0c   0x08005d0c   0x00000004   Code   RO          648    x$fpl$printf1       fz_ws.l(printf1.o)
    0x08005d10   0x08005d10   0x00000000   Code   RO          650    x$fpl$usenofp       fz_ws.l(usenofp.o)
    0x08005d10   0x08005d10   0x000026b8   Data   RO          309    .constdata          lcd.o
    0x080083c8   0x080083c8   0x00000028   Data   RO          554    .constdata          c_w.l(_printf_hex_int_ll_ptr.o)
    0x080083f0   0x080083f0   0x00000011   Data   RO          574    .constdata          c_w.l(__printf_flags_ss_wp.o)
    0x08008401   0x08008401   0x00000003   PAD
    0x08008404   0x08008404   0x00000008   Data   RO          614    .constdata          c_w.l(_printf_wctomb.o)
    0x0800840c   0x0800840c   0x00000094   Data   RO          692    .constdata          c_w.l(bigflt0.o)
    0x080084a0   0x080084a0   0x00000020   Data   RO          861    Region$$Table       anon$$obj.o
    0x080084c0   0x080084c0   0x0000001c   Data   RO          716    locale$$data        c_w.l(lc_numeric_c.o)
    0x080084dc   0x080084dc   0x00000110   Data   RO          736    locale$$data        c_w.l(lc_ctype_c.o)


    Execution Region RW_IRAM1 (Exec base: 0x20000000, Load base: 0x080085ec, Size: 0x00000a88, Max: 0x00010000, ABSOLUTE)

    Exec Addr    Load Addr    Size         Type   Attr      Idx    E Section Name        Object

    0x20000000   0x080085ec   0x00000002   Data   RW            3    .data               main.o
    0x20000002   0x080085ee   0x00000002   PAD
    0x20000004   0x080085f0   0x00000014   Data   RW          184    .data               system_stm32f10x.o
    0x20000018   0x08008604   0x00000001   Data   RW          202    .data               key.o
    0x20000019   0x08008605   0x00000001   PAD
    0x2000001a   0x08008606   0x00000002   Data   RW          228    .data               usart2.o
    0x2000001c   0x08008608   0x00000004   Data   RW          259    .data               as608.o
    0x20000020   0x0800860c   0x00000004   Data   RW          339    .data               delay.o
    0x20000024   0x08008610   0x00000006   Data   RW          371    .data               usart.o
    0x2000002a   0x08008616   0x00000014   Data   RW          446    .data               stm32f10x_rcc.o
    0x2000003e   0x0800862a   0x00000002   PAD
    0x20000040        -       0x00000320   Zero   RW          227    .bss                usart2.o
    0x20000360        -       0x000000c8   Zero   RW          370    .bss                usart.o
    0x20000428        -       0x00000060   Zero   RW          732    .bss                c_w.l(libspace.o)
    0x20000488        -       0x00000200   Zero   RW          403    HEAP                startup_stm32f10x_hd.o
    0x20000688        -       0x00000400   Zero   RW          402    STACK               startup_stm32f10x_hd.o


==============================================================================

Image component sizes


      Code (inc. data)   RO Data    RW Data    ZI Data      Debug   Object Name

      2772        686          0          4          0       8454   as608.o
        56          6          0          0          0        468   beep.o
       212         18          0          4          0        999   delay.o
       252         12          0          1          0        816   key.o
      2160         24       9912          0          0       9262   lcd.o
       860         12          0          0          0       2062   lcd_init.o
        72         10          0          0          0        467   led.o
      2460        634          0          2          0     255469   main.o
       220         22          0          0          0       1757   misc.o
        64         26        304          0       1536        776   startup_stm32f10x_hd.o
       860         38          0          0          0       5689   stm32f10x_gpio.o
        26          0          0          0          0       1158   stm32f10x_it.o
       932         36          0         20          0       8848   stm32f10x_rcc.o
      3610         88          0          0          0      22800   stm32f10x_tim.o
      1032         22          0          0          0       8416   stm32f10x_usart.o
         0          0          0          0          0         32   sys.o
       480         38          0         20          0       1671   system_stm32f10x.o
       140          8          0          0          0        772   timer.o
       320         16          0          6        200       3106   usart.o
       376         24          0          2        800       2494   usart2.o

    ----------------------------------------------------------------------
     16906       1720      10248         64       2536     335516   Object Totals
         0          0         32          0          0          0   (incl. Generated)
         2          0          0          5          0          0   (incl. Padding)

    ----------------------------------------------------------------------

      Code (inc. data)   RO Data    RW Data    ZI Data      Debug   Library Member Name

        24          4          0          0          0         84   __2printf.o
         8          0          0          0          0         68   __main.o
       392          4         17          0          0         92   __printf_flags_ss_wp.o
        14          0          0          0          0         68   __printf_wp.o
         0          0          0          0          0          0   __rtentry.o
        12          0          0          0          0          0   __rtentry2.o
         6          0          0          0          0          0   __rtentry4.o
        52          8          0          0          0          0   __scatter.o
        26          0          0          0          0          0   __scatter_copy.o
        28          0          0          0          0          0   __scatter_zi.o
         6          0          0          0          0          0   _printf_a.o
         6          0          0          0          0          0   _printf_c.o
        44          0          0          0          0        108   _printf_char.o
        48          6          0          0          0         96   _printf_char_common.o
        36          4          0          0          0         80   _printf_char_file.o
        40          0          0          0          0         68   _printf_charcount.o
         6          0          0          0          0          0   _printf_d.o
       120         16          0          0          0         92   _printf_dec.o
         6          0          0          0          0          0   _printf_e.o
         6          0          0          0          0          0   _printf_f.o
      1054          0          0          0          0        216   _printf_fp_dec.o
       128         16          0          0          0         84   _printf_fp_infnan.o
         6          0          0          0          0          0   _printf_g.o
       148          4         40          0          0        160   _printf_hex_int_ll_ptr.o
         6          0          0          0          0          0   _printf_i.o
       178          0          0          0          0         88   _printf_intcommon.o
        10          0          0          0          0          0   _printf_l.o
         6          0          0          0          0          0   _printf_lc.o
        10          0          0          0          0          0   _printf_ll.o
         6          0          0          0          0          0   _printf_lld.o
         6          0          0          0          0          0   _printf_lli.o
         6          0          0          0          0          0   _printf_llo.o
         6          0          0          0          0          0   _printf_llu.o
         6          0          0          0          0          0   _printf_llx.o
       124         16          0          0          0         92   _printf_longlong_dec.o
         6          0          0          0          0          0   _printf_ls.o
         6          0          0          0          0          0   _printf_n.o
         6          0          0          0          0          0   _printf_o.o
       112         10          0          0          0        124   _printf_oct_int_ll.o
         6          0          0          0          0          0   _printf_p.o
        78          0          0          0          0        108   _printf_pad.o
         0          0          0          0          0          0   _printf_percent.o
         4          0          0          0          0          0   _printf_percent_end.o
         6          0          0          0          0          0   _printf_s.o
        82          0          0          0          0         80   _printf_str.o
        36          0          0          0          0         84   _printf_truncate.o
         6          0          0          0          0          0   _printf_u.o
        44          0          0          0          0        108   _printf_wchar.o
       188          6          8          0          0         92   _printf_wctomb.o
         6          0          0          0          0          0   _printf_x.o
        10          0          0          0          0         68   _sputc.o
        64          0          0          0          0         92   _wcrtomb.o
       228          4        148          0          0         96   bigflt0.o
      1936        128          0          0          0        672   btod.o
        36          4          0          0          0         76   c89vsprintf.o
        18          0          0          0          0         80   exit.o
         8          0          0          0          0         68   ferror.o
         6          0          0          0          0        152   heapauxi.o
        44         10        272          0          0         76   lc_ctype_c.o
        44         10         28          0          0         76   lc_numeric_c.o
         2          0          0          0          0          0   libinit.o
        30          0          0          0          0          0   libinit2.o
         2          0          0          0          0          0   libshutdown.o
         2          0          0          0          0          0   libshutdown2.o
         8          4          0          0         96         68   libspace.o
       138          0          0          0          0         80   lludiv10.o
        16          4          0          0          0         76   rt_ctype_table.o
         8          4          0          0          0         68   rt_locale_intlibspace.o
         2          0          0          0          0          0   rtexit.o
        10          0          0          0          0          0   rtexit2.o
       128          0          0          0          0         68   strcmpv7m.o
        62          0          0          0          0         76   strlen.o
        36          0          0          0          0         80   strstr.o
        74          0          0          0          0         80   sys_stackheap_outer.o
         2          0          0          0          0         68   use_no_semi.o
         2          0          0          0          0         68   use_no_semi_2.o
        62          4          0          0          0         84   ffixu.o
       258          4          0          0          0         84   fmul.o
       140          4          0          0          0         84   fnaninf.o
        10          0          0          0          0         68   fretinf.o
         4          0          0          0          0         68   printf1.o
         0          0          0          0          0          0   usenofp.o
        40          0          0          0          0         68   fpclassify.o

    ----------------------------------------------------------------------
      6614        274        516          0         96       4636   Library Totals
        18          0          3          0          0          0   (incl. Padding)

    ----------------------------------------------------------------------

      Code (inc. data)   RO Data    RW Data    ZI Data      Debug   Library Name

      6082        262        513          0         96       4180   c_w.l
       474         12          0          0          0        388   fz_ws.l
        40          0          0          0          0         68   m_ws.l

    ----------------------------------------------------------------------
      6614        274        516          0         96       4636   Library Totals

    ----------------------------------------------------------------------

==============================================================================


      Code (inc. data)   RO Data    RW Data    ZI Data      Debug   

     23520       1994      10764         64       2632     336248   Grand Totals
     23520       1994      10764         64       2632     336248   ELF Image Totals
     23520       1994      10764         64          0          0   ROM Totals

==============================================================================

    Total RO  Size (Code + RO Data)                34284 (  33.48kB)
    Total RW  Size (RW Data + ZI Data)              2696 (   2.63kB)
    Total ROM Size (Code + RO Data + RW Data)      34348 (  33.54kB)

==============================================================================

